{"logTime": "0413/234500", "correlationVector":"9+pp8sHbyIlOlx3bSVXYIE.1","action":"SyncServerConnectionManagerRequest", "result":"SYNC_SERVER_OK", "context":{"environment":"Prod_germanywestcentral_prod-s01-010-eur-germanywestcentral", "migrationStage":"NotStarted", "server":"akswtt006000017"}}
{"logTime": "0413/234500", "correlationVector":"9+pp8sHbyIlOlx3bSVXYIE.2","action":"ProcessGetUpdates", "result":"Done", "context":{"dataType":"Encryption Keys", "deleted":"0", "process_failed_to_decrypt":"0", "process_pending_decryption":"0", "process_success":"1", "total":"1"}}
{"logTime": "0413/234501", "correlationVector":"U8OQnY01HCP1LbtlOQvlB4","action":"SyncServerConnectionManagerRequest", "result":"SYNC_SERVER_OK", "context":{"environment":"", "migrationStage":"", "server":""}}
{"logTime": "0413/234501", "correlationVector":"U8OQnY01HCP1LbtlOQvlB4.0","action":"EncryptionKeysFetcher.DownloadKeys:", "result":"Success", "context":Key count: 1, Last key timestamp: 2024-12-06T23:05:34Z}
{"logTime": "0413/234501", "correlationVector":"U8OQnY01HCP1LbtlOQvlB4.1","action":"EncryptionKeysManager::SetEncryptionKeys:", "result":"Success", "context":Key names[1]:[ozJ10bIHeoMe+IY20h5HpDzi/LSEPhfNlgFgXeryKhuOQWTRnLjIPSsFnNADhtUuNgjCPpPNS5ldIanOVH05cw==]}
{"logTime": "0413/234501", "correlationVector":"U8OQnY01HCP1LbtlOQvlB4.2","action":"EncryptionKeysManager::SetEncryptionKeysWithTimestamps:", "result":"Success", "context":Key timestamps[1]:[2024-12-06T23:05:34Z]}
{"logTime": "0413/234501", "correlationVector":"9+pp8sHbyIlOlx3bSVXYIE","action":"Initial GetUpdates", "result":"", "context":Reason: NEW_CLIENT. cV=9+pp8sHbyIlOlx3bSVXYIE}
{"logTime": "0413/234501", "correlationVector":"9+pp8sHbyIlOlx3bSVXYIE.3","action":"GetUpdates Response", "result":"Success", "context":Received 1 update(s). cV=9+pp8sHbyIlOlx3bSVXYIE.0;server=akswtt006000017;cloudType=Consumer;environment=Prod_germanywestcentral_prod-s01-010-eur-germanywestcentral;migrationStage=NotStarted}
{"logTime": "0413/234501", "correlationVector":"itMyzycZEAoyQi/ze5Tt/X","action":"Initial GetUpdates", "result":"", "context":Reason: NEWLY_SUPPORTED_DATATYPE. cV=itMyzycZEAoyQi/ze5Tt/X}
{"logTime": "0413/234502", "correlationVector":"itMyzycZEAoyQi/ze5Tt/X.1","action":"SyncServerConnectionManagerRequest", "result":"SYNC_SERVER_OK", "context":{"environment":"Prod_germanywestcentral_prod-s01-010-eur-germanywestcentral", "migrationStage":"NotStarted", "server":"akswtt006000018"}}
{"logTime": "0413/234502", "correlationVector":"itMyzycZEAoyQi/ze5Tt/X.2","action":"ProcessGetUpdates", "result":"Done", "context":{"dataType":"Preferences", "deleted":"0", "process_failed_to_decrypt":"0", "process_pending_decryption":"0", "process_success":"41", "total":"41"}}
{"logTime": "0413/234502", "correlationVector":"itMyzycZEAoyQi/ze5Tt/X.3","action":"ProcessGetUpdates", "result":"Done", "context":{"dataType":"Passwords", "deleted":"1", "process_failed_to_decrypt":"0", "process_pending_decryption":"0", "process_success":"126", "total":"126"}}
{"logTime": "0413/234502", "correlationVector":"itMyzycZEAoyQi/ze5Tt/X.4","action":"ProcessGetUpdates", "result":"Done", "context":{"dataType":"Device Info", "deleted":"0", "process_failed_to_decrypt":"0", "process_pending_decryption":"0", "process_success":"3", "total":"3"}}
{"logTime": "0413/234502", "correlationVector":"itMyzycZEAoyQi/ze5Tt/X.5","action":"GetUpdates Response", "result":"Success", "context":Received 170 update(s). cV=itMyzycZEAoyQi/ze5Tt/X.0;server=akswtt006000018;cloudType=Consumer;environment=Prod_germanywestcentral_prod-s01-010-eur-germanywestcentral;migrationStage=NotStarted}
{"logTime": "0413/234502", "correlationVector":"yzfSOry/kt/TdRWHgPcV0A","action":"Initial GetUpdates", "result":"", "context":Reason: NEWLY_SUPPORTED_DATATYPE. cV=yzfSOry/kt/TdRWHgPcV0A}
{"logTime": "0413/234502", "correlationVector":"yzfSOry/kt/TdRWHgPcV0A.1","action":"SyncServerConnectionManagerRequest", "result":"SYNC_SERVER_OK", "context":{"environment":"Prod_germanywestcentral_prod-s01-010-eur-germanywestcentral", "migrationStage":"NotStarted", "server":"akswtt00600001u"}}
{"logTime": "0413/234502", "correlationVector":"yzfSOry/kt/TdRWHgPcV0A.2","action":"ProcessGetUpdates", "result":"Done", "context":{"dataType":"Bookmarks", "deleted":"0", "process_failed_to_decrypt":"0", "process_pending_decryption":"0", "process_success":"17", "total":"17"}}
{"logTime": "0413/234502", "correlationVector":"yzfSOry/kt/TdRWHgPcV0A.3","action":"GetUpdates Response", "result":"Success", "context":Received 17 update(s). cV=yzfSOry/kt/TdRWHgPcV0A.0;server=akswtt00600001u;cloudType=Consumer;environment=Prod_germanywestcentral_prod-s01-010-eur-germanywestcentral;migrationStage=NotStarted}
{"logTime": "0413/234502", "correlationVector":"qg/yfEefRuo8zLp9u3meH+","action":"Initial GetUpdates", "result":"", "context":Reason: NEWLY_SUPPORTED_DATATYPE. cV=qg/yfEefRuo8zLp9u3meH+}
{"logTime": "0413/234502", "correlationVector":"qg/yfEefRuo8zLp9u3meH+.1","action":"SyncServerConnectionManagerRequest", "result":"SYNC_SERVER_OK", "context":{"environment":"Prod_germanywestcentral_prod-s01-010-eur-germanywestcentral", "migrationStage":"NotStarted", "server":"akswtt00600002p"}}
{"logTime": "0413/234502", "correlationVector":"qg/yfEefRuo8zLp9u3meH+.2","action":"ProcessGetUpdates", "result":"Done", "context":{"dataType":"Autofill Profiles", "deleted":"0", "process_failed_to_decrypt":"0", "process_pending_decryption":"0", "process_success":"2", "total":"2"}}
{"logTime": "0413/234502", "correlationVector":"qg/yfEefRuo8zLp9u3meH+.3","action":"ProcessGetUpdates", "result":"Done", "context":{"dataType":"Autofill", "deleted":"0", "process_failed_to_decrypt":"0", "process_pending_decryption":"0", "process_success":"2", "total":"2"}}
{"logTime": "0413/234502", "correlationVector":"qg/yfEefRuo8zLp9u3meH+.4","action":"ProcessGetUpdates", "result":"Done", "context":{"dataType":"Extensions", "deleted":"0", "process_failed_to_decrypt":"0", "process_pending_decryption":"0", "process_success":"3", "total":"3"}}
{"logTime": "0413/234502", "correlationVector":"qg/yfEefRuo8zLp9u3meH+.5","action":"ProcessGetUpdates", "result":"Done", "context":{"dataType":"Sessions", "deleted":"0", "process_failed_to_decrypt":"0", "process_pending_decryption":"0", "process_success":"4", "total":"4"}}
{"logTime": "0413/234502", "correlationVector":"qg/yfEefRuo8zLp9u3meH+.6","action":"ProcessGetUpdates", "result":"Done", "context":{"dataType":"Edge Hub App Usage", "deleted":"0", "process_failed_to_decrypt":"0", "process_pending_decryption":"0", "process_success":"3", "total":"3"}}
{"logTime": "0413/234502", "correlationVector":"qg/yfEefRuo8zLp9u3meH+.7","action":"GetUpdates Response", "result":"Success", "context":Received 14 update(s). cV=qg/yfEefRuo8zLp9u3meH+.0;server=akswtt00600002p;cloudType=Consumer;environment=Prod_germanywestcentral_prod-s01-010-eur-germanywestcentral;migrationStage=NotStarted}
{"logTime": "0413/234502", "correlationVector":"tuomeqPndarcbamyhP/Hs9","action":"Initial GetUpdates", "result":"", "context":Reason: NEWLY_SUPPORTED_DATATYPE. cV=tuomeqPndarcbamyhP/Hs9}
{"logTime": "0413/234502", "correlationVector":"tuomeqPndarcbamyhP/Hs9.1","action":"SyncServerConnectionManagerRequest", "result":"SYNC_SERVER_OK", "context":{"environment":"Prod_germanywestcentral_prod-s01-010-eur-germanywestcentral", "migrationStage":"NotStarted", "server":"akswtt00600003s"}}
{"logTime": "0413/234502", "correlationVector":"tuomeqPndarcbamyhP/Hs9.2","action":"ProcessGetUpdates", "result":"Done", "context":{"dataType":"History", "deleted":"0", "process_failed_to_decrypt":"0", "process_pending_decryption":"0", "process_success":"8", "total":"8"}}
{"logTime": "0413/234502", "correlationVector":"tuomeqPndarcbamyhP/Hs9.3","action":"GetUpdates Response", "result":"Success", "context":Received 8 update(s). cV=tuomeqPndarcbamyhP/Hs9.0;server=akswtt00600003s;cloudType=Consumer;environment=Prod_germanywestcentral_prod-s01-010-eur-germanywestcentral;migrationStage=NotStarted}
{"logTime": "0413/234502", "correlationVector":"4Voz+Wms26zBHBVuwTqyAG","action":"Normal GetUpdate request", "result":"", "context":cV=4Voz+Wms26zBHBVuwTqyAG
Nudged types: Sessions, Device Info, User Consents
Refresh requested types: Bookmarks, Preferences, Passwords, Autofill Profiles, Autofill, Extensions, Sessions, Extension settings, History Delete Directives, Device Info, User Consents, Send Tab To Self, Web Apps, History, Saved Tab Group, Collection, Edge E Drop, Edge Hub App Usage, Edge Tab Group, Edge Wallet, Encryption Keys}
{"logTime": "0413/234502", "correlationVector":"4Voz+Wms26zBHBVuwTqyAG.1","action":"SyncServerConnectionManagerRequest", "result":"SYNC_SERVER_OK", "context":{"environment":"Prod_germanywestcentral_prod-s01-010-eur-germanywestcentral", "migrationStage":"NotStarted", "server":"akswtt00600002m"}}
{"logTime": "0413/234502", "correlationVector":"4Voz+Wms26zBHBVuwTqyAG.2","action":"GetUpdates Response", "result":"Success", "context":Received 0 update(s). cV=4Voz+Wms26zBHBVuwTqyAG.0;server=akswtt00600002m;cloudType=Consumer;environment=Prod_germanywestcentral_prod-s01-010-eur-germanywestcentral;migrationStage=NotStarted}
{"logTime": "0413/234502", "correlationVector":"TTxc++7di8cg5PHOSZcZmK","action":"DoCompareDataConsistency requsted types: ", "result":"Bookmarks, Preferences, Passwords, Extensions, Extension settings, History Delete Directives, Send Tab To Self, Web Apps, History, Saved Tab Group, Collection, Edge E Drop, Edge Tab Group, Edge Wallet, Encryption Keys"}
{"logTime": "0413/234502", "correlationVector":"TTxc++7di8cg5PHOSZcZmK.0","action":"CompareDataConsistency result: ", "result":"Compare result: Encryption Keys is consistent. local entities count is: 1 local entities hash is: soMwpr1LLejQaG2Y7sIXPv9TjIc="}
{"logTime": "0413/234502", "correlationVector":"TTxc++7di8cg5PHOSZcZmK.1","action":"CompareDataConsistency result: ", "result":"Compare result: Bookmarks is consistent. local entities count is: 12 local entities hash is: JCdULC9WZ1aco1Uvyq2hxLyT/ak="}
{"logTime": "0413/234502", "correlationVector":"TTxc++7di8cg5PHOSZcZmK.2","action":"CompareDataConsistency result: ", "result":"Compare result: Preferences is consistent. local entities count is: 41 local entities hash is: G/3GX5a3tu8crVMXSQokZFfbeU4="}
{"logTime": "0413/234502", "correlationVector":"TTxc++7di8cg5PHOSZcZmK.3","action":"CompareDataConsistency result: ", "result":"Compare result: Extensions is consistent. local entities count is: 3 local entities hash is: tvwagHtcjHEM8ZZ0ZssdHPBAE8U="}
{"logTime": "0413/234502", "correlationVector":"TTxc++7di8cg5PHOSZcZmK.4","action":"CompareDataConsistency result: ", "result":"Compare result: Extension settings is consistent. local entities count is: 0 local entities hash is: "}
{"logTime": "0413/234502", "correlationVector":"TTxc++7di8cg5PHOSZcZmK.5","action":"CompareDataConsistency result: ", "result":"Compare result: History Delete Directives is consistent. local entities count is: 0 local entities hash is: "}
{"logTime": "0413/234502", "correlationVector":"TTxc++7di8cg5PHOSZcZmK.6","action":"CompareDataConsistency result: ", "result":"Server did not send this Send Tab To Self local entities count is: 0 local entities hash is: "}
{"logTime": "0413/234502", "correlationVector":"TTxc++7di8cg5PHOSZcZmK.7","action":"CompareDataConsistency result: ", "result":"Compare result: Web Apps is consistent. local entities count is: 0 local entities hash is: "}
{"logTime": "0413/234502", "correlationVector":"TTxc++7di8cg5PHOSZcZmK.8","action":"CompareDataConsistency result: ", "result":"Server did not send this History local entities count is: 0 local entities hash is: "}
{"logTime": "0413/234502", "correlationVector":"TTxc++7di8cg5PHOSZcZmK.9","action":"CompareDataConsistency result: ", "result":"Compare result: Saved Tab Group is consistent. local entities count is: 0 local entities hash is: "}
{"logTime": "0413/234502", "correlationVector":"TTxc++7di8cg5PHOSZcZmK.10","action":"CompareDataConsistency result: ", "result":"Compare result: Collection is consistent. local entities count is: 0 local entities hash is: "}
{"logTime": "0413/234502", "correlationVector":"TTxc++7di8cg5PHOSZcZmK.11","action":"CompareDataConsistency result: ", "result":"Compare result: Edge E Drop is consistent. local entities count is: 0 local entities hash is: "}
{"logTime": "0413/234502", "correlationVector":"TTxc++7di8cg5PHOSZcZmK.12","action":"CompareDataConsistency result: ", "result":"Compare result: Edge Tab Group is consistent. local entities count is: 0 local entities hash is: "}
{"logTime": "0413/234502", "correlationVector":"TTxc++7di8cg5PHOSZcZmK.13","action":"CompareDataConsistency result: ", "result":"Compare result: Edge Wallet is consistent. local entities count is: 0 local entities hash is: "}
{"logTime": "0413/234502", "correlationVector":"TTxc++7di8cg5PHOSZcZmK.14","action":"CompareDataConsistency result: ", "result":"Compare result: Passwords is consistent. local entities count is: 125 local entities hash is: vRLLpcU8f1xznuGWmR7I0n9Bce0="}
{"logTime": "0413/234502", "correlationVector":"YC2x7sLIKt6G8bSCz2KxGV","action":"Commit Request", "result":"", "context":Item count: 4
Contributing types: Sessions, Device Info, User Consents}
{"logTime": "0413/234503", "correlationVector":"YC2x7sLIKt6G8bSCz2KxGV.1","action":"SyncServerConnectionManagerRequest", "result":"SYNC_SERVER_OK", "context":{"environment":"Prod_germanywestcentral_prod-s01-010-eur-germanywestcentral", "migrationStage":"NotStarted", "server":"akswtt00600002p"}}
{"logTime": "0413/234503", "correlationVector":"YC2x7sLIKt6G8bSCz2KxGV.2","action":"Commit Response", "result":"Success", "context":Result: Success. cV=YC2x7sLIKt6G8bSCz2KxGV.0;server=akswtt00600002p;cloudType=Consumer;environment=Prod_germanywestcentral_prod-s01-010-eur-germanywestcentral;migrationStage=NotStarted}
{"logTime": "0413/234503", "correlationVector":"","action":"DIAGNOSTIC_REQUEST|v1/diagnosticData/Diagnostic.SendCheckResult()|SUCCESS", "result":""}
{"logTime": "0413/234503", "correlationVector":"s3xkVE9X+3W/nCgpaS41US","action":"Commit Request", "result":"", "context":Item count: 1
Contributing types: Edge Hub App Usage}
{"logTime": "0413/234503", "correlationVector":"s3xkVE9X+3W/nCgpaS41US.1","action":"SyncServerConnectionManagerRequest", "result":"SYNC_SERVER_OK", "context":{"environment":"Prod_germanywestcentral_prod-s01-010-eur-germanywestcentral", "migrationStage":"NotStarted", "server":"akswtt00600002a"}}
{"logTime": "0413/234503", "correlationVector":"s3xkVE9X+3W/nCgpaS41US.2","action":"Commit Response", "result":"Success", "context":Result: Success. cV=s3xkVE9X+3W/nCgpaS41US.0;server=akswtt00600002a;cloudType=Consumer;environment=Prod_germanywestcentral_prod-s01-010-eur-germanywestcentral;migrationStage=NotStarted}
{"logTime": "0413/234506", "correlationVector":"Fk03Wfbz0f8N/h1lp9hAWX","action":"Commit Request", "result":"", "context":Item count: 3
Contributing types: Sessions, User Consents, History}
{"logTime": "0413/234507", "correlationVector":"Fk03Wfbz0f8N/h1lp9hAWX.1","action":"SyncServerConnectionManagerRequest", "result":"SYNC_SERVER_OK", "context":{"environment":"Prod_germanywestcentral_prod-s01-010-eur-germanywestcentral", "migrationStage":"NotStarted", "server":"akswtt00600000h"}}
{"logTime": "0413/234507", "correlationVector":"Fk03Wfbz0f8N/h1lp9hAWX.2","action":"Commit Response", "result":"Success", "context":Result: Success. cV=Fk03Wfbz0f8N/h1lp9hAWX.0;server=akswtt00600000h;cloudType=Consumer;environment=Prod_germanywestcentral_prod-s01-010-eur-germanywestcentral;migrationStage=NotStarted}
{"logTime": "0413/234510", "correlationVector":"1BsbHhO4h0fa1mhlUYUubY","action":"Commit Request", "result":"", "context":Item count: 1
Contributing types: Preferences}
{"logTime": "0413/234510", "correlationVector":"1BsbHhO4h0fa1mhlUYUubY.1","action":"SyncServerConnectionManagerRequest", "result":"SYNC_SERVER_OK", "context":{"environment":"Prod_germanywestcentral_prod-s01-010-eur-germanywestcentral", "migrationStage":"NotStarted", "server":"akswtt00600000h"}}
{"logTime": "0413/234510", "correlationVector":"1BsbHhO4h0fa1mhlUYUubY.2","action":"Commit Response", "result":"Success", "context":Result: Success. cV=1BsbHhO4h0fa1mhlUYUubY.0;server=akswtt00600000h;cloudType=Consumer;environment=Prod_germanywestcentral_prod-s01-010-eur-germanywestcentral;migrationStage=NotStarted}
{"logTime": "0413/234616", "correlationVector":"TTPF+RiAYVAvrhCYycVHg/","action":"Commit Request", "result":"", "context":Item count: 1
Contributing types: History}
{"logTime": "0413/234616", "correlationVector":"TTPF+RiAYVAvrhCYycVHg/.1","action":"SyncServerConnectionManagerRequest", "result":"SYNC_SERVER_OK", "context":{"environment":"Prod_germanywestcentral_prod-s01-010-eur-germanywestcentral", "migrationStage":"NotStarted", "server":"akswtt00600000h"}}
{"logTime": "0413/234616", "correlationVector":"TTPF+RiAYVAvrhCYycVHg/.2","action":"Commit Response", "result":"Success", "context":Result: Success. cV=TTPF+RiAYVAvrhCYycVHg/.0;server=akswtt00600000h;cloudType=Consumer;environment=Prod_germanywestcentral_prod-s01-010-eur-germanywestcentral;migrationStage=NotStarted}
{"logTime": "0413/235112", "correlationVector":"eTQ/huL/XKVR7QnGI+c39L.1","action":"SyncServerConnectionManagerRequest", "result":"SYNC_SERVER_OK", "context":{"environment":"Prod_germanywestcentral_prod-s01-011-eur-germanywestcentral", "migrationStage":"NotStarted", "server":"akswtt00600000g"}}
{"logTime": "0413/235112", "correlationVector":"eTQ/huL/XKVR7QnGI+c39L.2","action":"ProcessGetUpdates", "result":"Done", "context":{"dataType":"Encryption Keys", "deleted":"0", "process_failed_to_decrypt":"0", "process_pending_decryption":"0", "process_success":"1", "total":"1"}}
{"logTime": "0413/235112", "correlationVector":"M2bxYWLbWC6UKRs7KjE2Dw","action":"SyncServerConnectionManagerRequest", "result":"SYNC_SERVER_OK", "context":{"environment":"", "migrationStage":"", "server":""}}
{"logTime": "0413/235112", "correlationVector":"M2bxYWLbWC6UKRs7KjE2Dw.0","action":"EncryptionKeysFetcher.DownloadKeys:", "result":"Success", "context":Key count: 1, Last key timestamp: 2024-12-06T23:05:34Z}
{"logTime": "0413/235112", "correlationVector":"M2bxYWLbWC6UKRs7KjE2Dw.1","action":"EncryptionKeysManager::SetEncryptionKeys:", "result":"Success", "context":Key names[1]:[ozJ10bIHeoMe+IY20h5HpDzi/LSEPhfNlgFgXeryKhuOQWTRnLjIPSsFnNADhtUuNgjCPpPNS5ldIanOVH05cw==]}
{"logTime": "0413/235112", "correlationVector":"M2bxYWLbWC6UKRs7KjE2Dw.2","action":"EncryptionKeysManager::SetEncryptionKeysWithTimestamps:", "result":"Success", "context":Key timestamps[1]:[2024-12-06T23:05:34Z]}
{"logTime": "0413/235112", "correlationVector":"eTQ/huL/XKVR7QnGI+c39L","action":"Initial GetUpdates", "result":"", "context":Reason: NEW_CLIENT. cV=eTQ/huL/XKVR7QnGI+c39L}
{"logTime": "0413/235112", "correlationVector":"eTQ/huL/XKVR7QnGI+c39L.3","action":"GetUpdates Response", "result":"Success", "context":Received 1 update(s). cV=eTQ/huL/XKVR7QnGI+c39L.0;server=akswtt00600000g;cloudType=Consumer;environment=Prod_germanywestcentral_prod-s01-011-eur-germanywestcentral;migrationStage=NotStarted}
{"logTime": "0413/235112", "correlationVector":"/nOo6/CHT28pTbTKK1RAXm","action":"Initial GetUpdates", "result":"", "context":Reason: NEWLY_SUPPORTED_DATATYPE. cV=/nOo6/CHT28pTbTKK1RAXm}
{"logTime": "0413/235113", "correlationVector":"/nOo6/CHT28pTbTKK1RAXm.1","action":"SyncServerConnectionManagerRequest", "result":"SYNC_SERVER_OK", "context":{"environment":"Prod_germanywestcentral_prod-s01-011-eur-germanywestcentral", "migrationStage":"NotStarted", "server":"akswtt00600000g"}}
{"logTime": "0413/235113", "correlationVector":"/nOo6/CHT28pTbTKK1RAXm.2","action":"ProcessGetUpdates", "result":"Done", "context":{"dataType":"Passwords", "deleted":"1", "process_failed_to_decrypt":"0", "process_pending_decryption":"0", "process_success":"126", "total":"126"}}
{"logTime": "0413/235113", "correlationVector":"/nOo6/CHT28pTbTKK1RAXm.3","action":"GetUpdates Response", "result":"Success", "context":Received 126 update(s). cV=/nOo6/CHT28pTbTKK1RAXm.0;server=akswtt00600000g;cloudType=Consumer;environment=Prod_germanywestcentral_prod-s01-011-eur-germanywestcentral;migrationStage=NotStarted}
{"logTime": "0413/235113", "correlationVector":"Dct30wb82t6QKviJ/rP/1m","action":"Normal GetUpdate request", "result":"", "context":cV=Dct30wb82t6QKviJ/rP/1m
Nudged types: Sessions, History
Refresh requested types: Bookmarks, Preferences, Passwords, Autofill Profiles, Autofill, Extensions, Sessions, Extension settings, History Delete Directives, Device Info, User Consents, Send Tab To Self, Web Apps, History, Saved Tab Group, Collection, Edge E Drop, Edge Hub App Usage, Edge Tab Group, Edge Wallet, Encryption Keys}
{"logTime": "0413/235113", "correlationVector":"Dct30wb82t6QKviJ/rP/1m.1","action":"SyncServerConnectionManagerRequest", "result":"SYNC_SERVER_OK", "context":{"environment":"Prod_germanywestcentral_prod-s01-011-eur-germanywestcentral", "migrationStage":"NotStarted", "server":"akswtt00600002k"}}
{"logTime": "0413/235113", "correlationVector":"Dct30wb82t6QKviJ/rP/1m.2","action":"ProcessGetUpdates", "result":"Done", "context":{"dataType":"Preferences", "deleted":"0", "process_failed_to_decrypt":"0", "process_pending_decryption":"0", "process_success":"1", "total":"1"}}
{"logTime": "0413/235113", "correlationVector":"Dct30wb82t6QKviJ/rP/1m.3","action":"ProcessGetUpdates", "result":"Done", "context":{"dataType":"Sessions", "deleted":"0", "process_failed_to_decrypt":"0", "process_pending_decryption":"0", "process_success":"2", "total":"2"}}
{"logTime": "0413/235113", "correlationVector":"Dct30wb82t6QKviJ/rP/1m.4","action":"ProcessGetUpdates", "result":"Done", "context":{"dataType":"Device Info", "deleted":"0", "process_failed_to_decrypt":"0", "process_pending_decryption":"0", "process_success":"1", "total":"1"}}
{"logTime": "0413/235113", "correlationVector":"Dct30wb82t6QKviJ/rP/1m.5","action":"ProcessGetUpdates", "result":"Done", "context":{"dataType":"History", "deleted":"0", "process_failed_to_decrypt":"0", "process_pending_decryption":"0", "process_success":"1", "total":"1"}}
{"logTime": "0413/235113", "correlationVector":"Dct30wb82t6QKviJ/rP/1m.6","action":"ProcessGetUpdates", "result":"Done", "context":{"dataType":"Edge Hub App Usage", "deleted":"0", "process_failed_to_decrypt":"0", "process_pending_decryption":"0", "process_success":"1", "total":"1"}}
{"logTime": "0413/235113", "correlationVector":"Dct30wb82t6QKviJ/rP/1m.7","action":"GetUpdates Response", "result":"Success", "context":Received 6 update(s). cV=Dct30wb82t6QKviJ/rP/1m.0;server=akswtt00600002k;cloudType=Consumer;environment=Prod_germanywestcentral_prod-s01-011-eur-germanywestcentral;migrationStage=NotStarted}
{"logTime": "0413/235113", "correlationVector":"Ti7QYLdl+UQIp74vUvTC/k","action":"Commit Request", "result":"", "context":Item count: 3
Contributing types: Sessions, History}
{"logTime": "0413/235113", "correlationVector":"Ti7QYLdl+UQIp74vUvTC/k.1","action":"SyncServerConnectionManagerRequest", "result":"SYNC_SERVER_OK", "context":{"environment":"Prod_germanywestcentral_prod-s01-011-eur-germanywestcentral", "migrationStage":"NotStarted", "server":"akswtt006000010"}}
{"logTime": "0413/235113", "correlationVector":"Ti7QYLdl+UQIp74vUvTC/k.2","action":"Commit Response", "result":"Success", "context":Result: Success. cV=Ti7QYLdl+UQIp74vUvTC/k.0;server=akswtt006000010;cloudType=Consumer;environment=Prod_germanywestcentral_prod-s01-011-eur-germanywestcentral;migrationStage=NotStarted}
{"logTime": "0413/235121", "correlationVector":"5EGIa1vXjUJtb2QgktnhBB","action":"Commit Request", "result":"", "context":Item count: 4
Contributing types: Preferences, Sessions, History}
{"logTime": "0413/235123", "correlationVector":"5EGIa1vXjUJtb2QgktnhBB.1","action":"SyncServerConnectionManagerRequest", "result":"SYNC_SERVER_OK", "context":{"environment":"Prod_germanywestcentral_prod-s01-010-eur-germanywestcentral", "migrationStage":"NotStarted", "server":"akswtt00600002h"}}
{"logTime": "0413/235123", "correlationVector":"5EGIa1vXjUJtb2QgktnhBB.2","action":"Commit Response", "result":"Success", "context":Result: Success. cV=5EGIa1vXjUJtb2QgktnhBB.0;server=akswtt00600002h;cloudType=Consumer;environment=Prod_germanywestcentral_prod-s01-010-eur-germanywestcentral;migrationStage=NotStarted}
{"logTime": "0413/235437", "correlationVector":"C9qIHpsQCwrDbVeikenFDk.1","action":"SyncServerConnectionManagerRequest", "result":"SYNC_SERVER_OK", "context":{"environment":"Prod_germanywestcentral_prod-s01-010-eur-germanywestcentral", "migrationStage":"NotStarted", "server":"akswtt00600002k"}}
{"logTime": "0413/235437", "correlationVector":"C9qIHpsQCwrDbVeikenFDk.2","action":"ProcessGetUpdates", "result":"Done", "context":{"dataType":"Encryption Keys", "deleted":"0", "process_failed_to_decrypt":"0", "process_pending_decryption":"0", "process_success":"1", "total":"1"}}
{"logTime": "0413/235438", "correlationVector":"XwK3FrXCdmiV8IJ3b1UEel","action":"SyncServerConnectionManagerRequest", "result":"SYNC_SERVER_OK", "context":{"environment":"", "migrationStage":"", "server":""}}
{"logTime": "0413/235438", "correlationVector":"XwK3FrXCdmiV8IJ3b1UEel.0","action":"EncryptionKeysFetcher.DownloadKeys:", "result":"Success", "context":Key count: 1, Last key timestamp: 2024-12-06T23:05:34Z}
{"logTime": "0413/235438", "correlationVector":"XwK3FrXCdmiV8IJ3b1UEel.1","action":"EncryptionKeysManager::SetEncryptionKeys:", "result":"Success", "context":Key names[1]:[ozJ10bIHeoMe+IY20h5HpDzi/LSEPhfNlgFgXeryKhuOQWTRnLjIPSsFnNADhtUuNgjCPpPNS5ldIanOVH05cw==]}
{"logTime": "0413/235438", "correlationVector":"XwK3FrXCdmiV8IJ3b1UEel.2","action":"EncryptionKeysManager::SetEncryptionKeysWithTimestamps:", "result":"Success", "context":Key timestamps[1]:[2024-12-06T23:05:34Z]}
{"logTime": "0413/235438", "correlationVector":"C9qIHpsQCwrDbVeikenFDk","action":"Initial GetUpdates", "result":"", "context":Reason: NEW_CLIENT. cV=C9qIHpsQCwrDbVeikenFDk}
{"logTime": "0413/235438", "correlationVector":"C9qIHpsQCwrDbVeikenFDk.3","action":"GetUpdates Response", "result":"Success", "context":Received 1 update(s). cV=C9qIHpsQCwrDbVeikenFDk.0;server=akswtt00600002k;cloudType=Consumer;environment=Prod_germanywestcentral_prod-s01-010-eur-germanywestcentral;migrationStage=NotStarted}
{"logTime": "0413/235438", "correlationVector":"Jar5PGG55EE/zdm+4t10t8","action":"Initial GetUpdates", "result":"", "context":Reason: NEWLY_SUPPORTED_DATATYPE. cV=Jar5PGG55EE/zdm+4t10t8}
{"logTime": "0413/235439", "correlationVector":"Jar5PGG55EE/zdm+4t10t8.1","action":"SyncServerConnectionManagerRequest", "result":"SYNC_SERVER_OK", "context":{"environment":"Prod_germanywestcentral_prod-s01-011-eur-germanywestcentral", "migrationStage":"NotStarted", "server":"akswtt006000012"}}
{"logTime": "0413/235439", "correlationVector":"Jar5PGG55EE/zdm+4t10t8.2","action":"ProcessGetUpdates", "result":"Done", "context":{"dataType":"Passwords", "deleted":"1", "process_failed_to_decrypt":"0", "process_pending_decryption":"0", "process_success":"126", "total":"126"}}
{"logTime": "0413/235439", "correlationVector":"Jar5PGG55EE/zdm+4t10t8.3","action":"GetUpdates Response", "result":"Success", "context":Received 126 update(s). cV=Jar5PGG55EE/zdm+4t10t8.0;server=akswtt006000012;cloudType=Consumer;environment=Prod_germanywestcentral_prod-s01-011-eur-germanywestcentral;migrationStage=NotStarted}
{"logTime": "0413/235439", "correlationVector":"1LrfGB423NxiHDMQYegTyV","action":"Normal GetUpdate request", "result":"", "context":cV=1LrfGB423NxiHDMQYegTyV
Nudged types: Sessions, History
Refresh requested types: Bookmarks, Preferences, Passwords, Autofill Profiles, Autofill, Extensions, Sessions, Extension settings, History Delete Directives, Device Info, User Consents, Send Tab To Self, Web Apps, History, Saved Tab Group, Collection, Edge E Drop, Edge Hub App Usage, Edge Tab Group, Edge Wallet, Encryption Keys}
{"logTime": "0413/235439", "correlationVector":"1LrfGB423NxiHDMQYegTyV.1","action":"SyncServerConnectionManagerRequest", "result":"SYNC_SERVER_OK", "context":{"environment":"Prod_germanywestcentral_prod-s01-011-eur-germanywestcentral", "migrationStage":"NotStarted", "server":"akswtt00600000x"}}
{"logTime": "0413/235439", "correlationVector":"1LrfGB423NxiHDMQYegTyV.2","action":"ProcessGetUpdates", "result":"Done", "context":{"dataType":"Preferences", "deleted":"0", "process_failed_to_decrypt":"0", "process_pending_decryption":"0", "process_success":"1", "total":"1"}}
{"logTime": "0413/235439", "correlationVector":"1LrfGB423NxiHDMQYegTyV.3","action":"ProcessGetUpdates", "result":"Done", "context":{"dataType":"Sessions", "deleted":"0", "process_failed_to_decrypt":"0", "process_pending_decryption":"0", "process_success":"2", "total":"2"}}
{"logTime": "0413/235439", "correlationVector":"1LrfGB423NxiHDMQYegTyV.4","action":"ProcessGetUpdates", "result":"Done", "context":{"dataType":"History", "deleted":"0", "process_failed_to_decrypt":"0", "process_pending_decryption":"0", "process_success":"3", "total":"3"}}
{"logTime": "0413/235439", "correlationVector":"1LrfGB423NxiHDMQYegTyV.5","action":"GetUpdates Response", "result":"Success", "context":Received 6 update(s). cV=1LrfGB423NxiHDMQYegTyV.0;server=akswtt00600000x;cloudType=Consumer;environment=Prod_germanywestcentral_prod-s01-011-eur-germanywestcentral;migrationStage=NotStarted}
{"logTime": "0413/235439", "correlationVector":"kgqJbeE1h4NnePahLvb1UF","action":"Commit Request", "result":"", "context":Item count: 3
Contributing types: Sessions, History}
{"logTime": "0413/235439", "correlationVector":"kgqJbeE1h4NnePahLvb1UF.1","action":"SyncServerConnectionManagerRequest", "result":"SYNC_SERVER_OK", "context":{"environment":"Prod_germanywestcentral_prod-s01-011-eur-germanywestcentral", "migrationStage":"NotStarted", "server":"akswtt00600000r"}}
{"logTime": "0413/235439", "correlationVector":"kgqJbeE1h4NnePahLvb1UF.2","action":"Commit Response", "result":"Success", "context":Result: Success. cV=kgqJbeE1h4NnePahLvb1UF.0;server=akswtt00600000r;cloudType=Consumer;environment=Prod_germanywestcentral_prod-s01-011-eur-germanywestcentral;migrationStage=NotStarted}
{"logTime": "0413/235446", "correlationVector":"EAj41IEDjcmXKuM+NaZtPB","action":"Commit Request", "result":"", "context":Item count: 4
Contributing types: Preferences, Sessions, History}
{"logTime": "0413/235446", "correlationVector":"EAj41IEDjcmXKuM+NaZtPB.1","action":"SyncServerConnectionManagerRequest", "result":"SYNC_SERVER_OK", "context":{"environment":"Prod_germanywestcentral_prod-s01-010-eur-germanywestcentral", "migrationStage":"NotStarted", "server":"akswtt00600003w"}}
{"logTime": "0413/235446", "correlationVector":"EAj41IEDjcmXKuM+NaZtPB.2","action":"Commit Response", "result":"Success", "context":Result: Success. cV=EAj41IEDjcmXKuM+NaZtPB.0;server=akswtt00600003w;cloudType=Consumer;environment=Prod_germanywestcentral_prod-s01-010-eur-germanywestcentral;migrationStage=NotStarted}
{"logTime": "0413/235601", "correlationVector":"dNXJ8pLp3UtPNDxZH4n0gO","action":"Commit Request", "result":"", "context":Item count: 3
Contributing types: Sessions, History}
{"logTime": "0413/235602", "correlationVector":"dNXJ8pLp3UtPNDxZH4n0gO.1","action":"SyncServerConnectionManagerRequest", "result":"SYNC_SERVER_OK", "context":{"environment":"Prod_germanywestcentral_prod-s01-010-eur-germanywestcentral", "migrationStage":"NotStarted", "server":"akswtt00600001l"}}
{"logTime": "0413/235602", "correlationVector":"dNXJ8pLp3UtPNDxZH4n0gO.2","action":"Commit Response", "result":"Success", "context":Result: Success. cV=dNXJ8pLp3UtPNDxZH4n0gO.0;server=akswtt00600001l;cloudType=Consumer;environment=Prod_germanywestcentral_prod-s01-010-eur-germanywestcentral;migrationStage=NotStarted}
{"logTime": "0414/000528", "correlationVector":"81OeTvbK3ACC+Es/8kdhGv","action":"Commit Request", "result":"", "context":Item count: 3
Contributing types: Sessions, History}
{"logTime": "0414/000528", "correlationVector":"81OeTvbK3ACC+Es/8kdhGv.1","action":"SyncServerConnectionManagerRequest", "result":"SYNC_SERVER_OK", "context":{"environment":"Prod_germanywestcentral_prod-s01-011-eur-germanywestcentral", "migrationStage":"NotStarted", "server":"akswtt00600001m"}}
{"logTime": "0414/000528", "correlationVector":"81OeTvbK3ACC+Es/8kdhGv.2","action":"Commit Response", "result":"Success", "context":Result: Success. cV=81OeTvbK3ACC+Es/8kdhGv.0;server=akswtt00600001m;cloudType=Consumer;environment=Prod_germanywestcentral_prod-s01-011-eur-germanywestcentral;migrationStage=NotStarted}
{"logTime": "0414/000917", "correlationVector":"l3AXxmiT8dnQeb/L9K52wm.1","action":"SyncServerConnectionManagerRequest", "result":"SYNC_SERVER_OK", "context":{"environment":"Prod_germanywestcentral_prod-s01-011-eur-germanywestcentral", "migrationStage":"NotStarted", "server":"akswtt006000005"}}
{"logTime": "0414/000917", "correlationVector":"l3AXxmiT8dnQeb/L9K52wm.2","action":"ProcessGetUpdates", "result":"Done", "context":{"dataType":"Encryption Keys", "deleted":"0", "process_failed_to_decrypt":"0", "process_pending_decryption":"0", "process_success":"1", "total":"1"}}
{"logTime": "0414/000918", "correlationVector":"OI65qLwUSj6oHBM9hjrZh6","action":"SyncServerConnectionManagerRequest", "result":"SYNC_SERVER_OK", "context":{"environment":"", "migrationStage":"", "server":""}}
{"logTime": "0414/000918", "correlationVector":"OI65qLwUSj6oHBM9hjrZh6.0","action":"EncryptionKeysFetcher.DownloadKeys:", "result":"Success", "context":Key count: 1, Last key timestamp: 2024-12-06T23:05:34Z}
{"logTime": "0414/000918", "correlationVector":"OI65qLwUSj6oHBM9hjrZh6.1","action":"EncryptionKeysManager::SetEncryptionKeys:", "result":"Success", "context":Key names[1]:[ozJ10bIHeoMe+IY20h5HpDzi/LSEPhfNlgFgXeryKhuOQWTRnLjIPSsFnNADhtUuNgjCPpPNS5ldIanOVH05cw==]}
{"logTime": "0414/000918", "correlationVector":"OI65qLwUSj6oHBM9hjrZh6.2","action":"EncryptionKeysManager::SetEncryptionKeysWithTimestamps:", "result":"Success", "context":Key timestamps[1]:[2024-12-06T23:05:34Z]}
{"logTime": "0414/000918", "correlationVector":"l3AXxmiT8dnQeb/L9K52wm","action":"Initial GetUpdates", "result":"", "context":Reason: NEW_CLIENT. cV=l3AXxmiT8dnQeb/L9K52wm}
{"logTime": "0414/000918", "correlationVector":"l3AXxmiT8dnQeb/L9K52wm.3","action":"GetUpdates Response", "result":"Success", "context":Received 1 update(s). cV=l3AXxmiT8dnQeb/L9K52wm.0;server=akswtt006000005;cloudType=Consumer;environment=Prod_germanywestcentral_prod-s01-011-eur-germanywestcentral;migrationStage=NotStarted}
{"logTime": "0414/000918", "correlationVector":"kXeN7p3tuNlClwTMXtxVR0","action":"Initial GetUpdates", "result":"", "context":Reason: NEWLY_SUPPORTED_DATATYPE. cV=kXeN7p3tuNlClwTMXtxVR0}
{"logTime": "0414/000918", "correlationVector":"kXeN7p3tuNlClwTMXtxVR0.1","action":"SyncServerConnectionManagerRequest", "result":"SYNC_SERVER_OK", "context":{"environment":"Prod_germanywestcentral_prod-s01-011-eur-germanywestcentral", "migrationStage":"NotStarted", "server":"akswtt006000013"}}
{"logTime": "0414/000918", "correlationVector":"kXeN7p3tuNlClwTMXtxVR0.2","action":"ProcessGetUpdates", "result":"Done", "context":{"dataType":"Passwords", "deleted":"1", "process_failed_to_decrypt":"0", "process_pending_decryption":"0", "process_success":"126", "total":"126"}}
{"logTime": "0414/000918", "correlationVector":"kXeN7p3tuNlClwTMXtxVR0.3","action":"GetUpdates Response", "result":"Success", "context":Received 126 update(s). cV=kXeN7p3tuNlClwTMXtxVR0.0;server=akswtt006000013;cloudType=Consumer;environment=Prod_germanywestcentral_prod-s01-011-eur-germanywestcentral;migrationStage=NotStarted}
{"logTime": "0414/000918", "correlationVector":"qww/SLj9fHAVrYLiDi+i6b","action":"Normal GetUpdate request", "result":"", "context":cV=qww/SLj9fHAVrYLiDi+i6b
Nudged types: Sessions, History
Refresh requested types: Bookmarks, Preferences, Passwords, Autofill Profiles, Autofill, Extensions, Sessions, Extension settings, History Delete Directives, Device Info, User Consents, Send Tab To Self, Web Apps, History, Saved Tab Group, Collection, Edge E Drop, Edge Hub App Usage, Edge Tab Group, Edge Wallet, Encryption Keys}
{"logTime": "0414/000918", "correlationVector":"qww/SLj9fHAVrYLiDi+i6b.1","action":"SyncServerConnectionManagerRequest", "result":"SYNC_SERVER_OK", "context":{"environment":"Prod_germanywestcentral_prod-s01-010-eur-germanywestcentral", "migrationStage":"NotStarted", "server":"akswtt00600003v"}}
{"logTime": "0414/000918", "correlationVector":"qww/SLj9fHAVrYLiDi+i6b.2","action":"ProcessGetUpdates", "result":"Done", "context":{"dataType":"Preferences", "deleted":"0", "process_failed_to_decrypt":"0", "process_pending_decryption":"0", "process_success":"1", "total":"1"}}
{"logTime": "0414/000918", "correlationVector":"qww/SLj9fHAVrYLiDi+i6b.3","action":"ProcessGetUpdates", "result":"Done", "context":{"dataType":"Sessions", "deleted":"0", "process_failed_to_decrypt":"0", "process_pending_decryption":"0", "process_success":"2", "total":"2"}}
{"logTime": "0414/000918", "correlationVector":"qww/SLj9fHAVrYLiDi+i6b.4","action":"ProcessGetUpdates", "result":"Done", "context":{"dataType":"History", "deleted":"0", "process_failed_to_decrypt":"0", "process_pending_decryption":"0", "process_success":"4", "total":"4"}}
{"logTime": "0414/000918", "correlationVector":"qww/SLj9fHAVrYLiDi+i6b.5","action":"GetUpdates Response", "result":"Success", "context":Received 7 update(s). cV=qww/SLj9fHAVrYLiDi+i6b.0;server=akswtt00600003v;cloudType=Consumer;environment=Prod_germanywestcentral_prod-s01-010-eur-germanywestcentral;migrationStage=NotStarted}
{"logTime": "0414/000918", "correlationVector":"thzVzEx7ZpI7Ow7xBc2hUN","action":"Commit Request", "result":"", "context":Item count: 3
Contributing types: Sessions, History}
{"logTime": "0414/000919", "correlationVector":"thzVzEx7ZpI7Ow7xBc2hUN.1","action":"SyncServerConnectionManagerRequest", "result":"SYNC_SERVER_OK", "context":{"environment":"Prod_germanywestcentral_prod-s01-010-eur-germanywestcentral", "migrationStage":"NotStarted", "server":"akswtt00600003p"}}
{"logTime": "0414/000919", "correlationVector":"thzVzEx7ZpI7Ow7xBc2hUN.2","action":"Commit Response", "result":"Success", "context":Result: Success. cV=thzVzEx7ZpI7Ow7xBc2hUN.0;server=akswtt00600003p;cloudType=Consumer;environment=Prod_germanywestcentral_prod-s01-010-eur-germanywestcentral;migrationStage=NotStarted}
{"logTime": "0414/000925", "correlationVector":"8LF2Y1kLxqos2ZoT3ZlzCK","action":"Commit Request", "result":"", "context":Item count: 4
Contributing types: Preferences, Sessions, History}
{"logTime": "0414/000926", "correlationVector":"8LF2Y1kLxqos2ZoT3ZlzCK.1","action":"SyncServerConnectionManagerRequest", "result":"SYNC_SERVER_OK", "context":{"environment":"Prod_germanywestcentral_prod-s01-011-eur-germanywestcentral", "migrationStage":"NotStarted", "server":"akswtt00600002f"}}
{"logTime": "0414/000926", "correlationVector":"8LF2Y1kLxqos2ZoT3ZlzCK.2","action":"Commit Response", "result":"Success", "context":Result: Success. cV=8LF2Y1kLxqos2ZoT3ZlzCK.0;server=akswtt00600002f;cloudType=Consumer;environment=Prod_germanywestcentral_prod-s01-011-eur-germanywestcentral;migrationStage=NotStarted}
{"logTime": "0414/001032", "correlationVector":"YeHk1NCRqtfdlK3yiqDrHa","action":"Commit Request", "result":"", "context":Item count: 7
Contributing types: Sessions, History}
{"logTime": "0414/001033", "correlationVector":"YeHk1NCRqtfdlK3yiqDrHa.1","action":"SyncServerConnectionManagerRequest", "result":"SYNC_SERVER_OK", "context":{"environment":"Prod_germanywestcentral_prod-s01-011-eur-germanywestcentral", "migrationStage":"NotStarted", "server":"akswtt00600001b"}}
{"logTime": "0414/001033", "correlationVector":"YeHk1NCRqtfdlK3yiqDrHa.2","action":"Commit Response", "result":"Success", "context":Result: Success. cV=YeHk1NCRqtfdlK3yiqDrHa.0;server=akswtt00600001b;cloudType=Consumer;environment=Prod_germanywestcentral_prod-s01-011-eur-germanywestcentral;migrationStage=NotStarted}
{"logTime": "0414/002615", "correlationVector":"IUfdhuGyH/TMUPHFtlN641.1","action":"SyncServerConnectionManagerRequest", "result":"SYNC_SERVER_OK", "context":{"environment":"Prod_germanywestcentral_prod-s01-011-eur-germanywestcentral", "migrationStage":"NotStarted", "server":"akswtt00600000h"}}
{"logTime": "0414/002615", "correlationVector":"IUfdhuGyH/TMUPHFtlN641.2","action":"ProcessGetUpdates", "result":"Done", "context":{"dataType":"Encryption Keys", "deleted":"0", "process_failed_to_decrypt":"0", "process_pending_decryption":"0", "process_success":"1", "total":"1"}}
{"logTime": "0414/002616", "correlationVector":"TxGMqqVKUnIDd0UR2i7aXb","action":"SyncServerConnectionManagerRequest", "result":"SYNC_SERVER_OK", "context":{"environment":"", "migrationStage":"", "server":""}}
{"logTime": "0414/002616", "correlationVector":"TxGMqqVKUnIDd0UR2i7aXb.0","action":"EncryptionKeysFetcher.DownloadKeys:", "result":"Success", "context":Key count: 1, Last key timestamp: 2024-12-06T23:05:34Z}
{"logTime": "0414/002616", "correlationVector":"TxGMqqVKUnIDd0UR2i7aXb.1","action":"EncryptionKeysManager::SetEncryptionKeys:", "result":"Success", "context":Key names[1]:[ozJ10bIHeoMe+IY20h5HpDzi/LSEPhfNlgFgXeryKhuOQWTRnLjIPSsFnNADhtUuNgjCPpPNS5ldIanOVH05cw==]}
{"logTime": "0414/002616", "correlationVector":"TxGMqqVKUnIDd0UR2i7aXb.2","action":"EncryptionKeysManager::SetEncryptionKeysWithTimestamps:", "result":"Success", "context":Key timestamps[1]:[2024-12-06T23:05:34Z]}
{"logTime": "0414/002616", "correlationVector":"IUfdhuGyH/TMUPHFtlN641","action":"Initial GetUpdates", "result":"", "context":Reason: NEW_CLIENT. cV=IUfdhuGyH/TMUPHFtlN641}
{"logTime": "0414/002616", "correlationVector":"IUfdhuGyH/TMUPHFtlN641.3","action":"GetUpdates Response", "result":"Success", "context":Received 1 update(s). cV=IUfdhuGyH/TMUPHFtlN641.0;server=akswtt00600000h;cloudType=Consumer;environment=Prod_germanywestcentral_prod-s01-011-eur-germanywestcentral;migrationStage=NotStarted}
{"logTime": "0414/002616", "correlationVector":"mEO4119MUxJxj0C1HkzoTD","action":"Initial GetUpdates", "result":"", "context":Reason: NEWLY_SUPPORTED_DATATYPE. cV=mEO4119MUxJxj0C1HkzoTD}
{"logTime": "0414/002616", "correlationVector":"mEO4119MUxJxj0C1HkzoTD.1","action":"SyncServerConnectionManagerRequest", "result":"SYNC_SERVER_OK", "context":{"environment":"Prod_germanywestcentral_prod-s01-011-eur-germanywestcentral", "migrationStage":"NotStarted", "server":"akswtt006000041"}}
{"logTime": "0414/002616", "correlationVector":"mEO4119MUxJxj0C1HkzoTD.2","action":"ProcessGetUpdates", "result":"Done", "context":{"dataType":"Passwords", "deleted":"1", "process_failed_to_decrypt":"0", "process_pending_decryption":"0", "process_success":"126", "total":"126"}}
{"logTime": "0414/002616", "correlationVector":"mEO4119MUxJxj0C1HkzoTD.3","action":"GetUpdates Response", "result":"Success", "context":Received 126 update(s). cV=mEO4119MUxJxj0C1HkzoTD.0;server=akswtt006000041;cloudType=Consumer;environment=Prod_germanywestcentral_prod-s01-011-eur-germanywestcentral;migrationStage=NotStarted}
{"logTime": "0414/002616", "correlationVector":"l20AochFbK4VadZ75i332C","action":"Normal GetUpdate request", "result":"", "context":cV=l20AochFbK4VadZ75i332C
Nudged types: Sessions, History
Refresh requested types: Bookmarks, Preferences, Passwords, Autofill Profiles, Autofill, Extensions, Sessions, Extension settings, History Delete Directives, Device Info, User Consents, Send Tab To Self, Web Apps, History, Saved Tab Group, Collection, Edge E Drop, Edge Hub App Usage, Edge Tab Group, Edge Wallet, Encryption Keys}
{"logTime": "0414/002617", "correlationVector":"l20AochFbK4VadZ75i332C.1","action":"SyncServerConnectionManagerRequest", "result":"SYNC_SERVER_OK", "context":{"environment":"Prod_germanywestcentral_prod-s01-010-eur-germanywestcentral", "migrationStage":"NotStarted", "server":"akswtt006000017"}}
{"logTime": "0414/002617", "correlationVector":"l20AochFbK4VadZ75i332C.2","action":"ProcessGetUpdates", "result":"Done", "context":{"dataType":"Preferences", "deleted":"0", "process_failed_to_decrypt":"0", "process_pending_decryption":"0", "process_success":"1", "total":"1"}}
{"logTime": "0414/002617", "correlationVector":"l20AochFbK4VadZ75i332C.3","action":"ProcessGetUpdates", "result":"Done", "context":{"dataType":"Sessions", "deleted":"0", "process_failed_to_decrypt":"0", "process_pending_decryption":"0", "process_success":"2", "total":"2"}}
{"logTime": "0414/002617", "correlationVector":"l20AochFbK4VadZ75i332C.4","action":"ProcessGetUpdates", "result":"Done", "context":{"dataType":"History", "deleted":"0", "process_failed_to_decrypt":"0", "process_pending_decryption":"0", "process_success":"7", "total":"7"}}
{"logTime": "0414/002617", "correlationVector":"l20AochFbK4VadZ75i332C.5","action":"GetUpdates Response", "result":"Success", "context":Received 10 update(s). cV=l20AochFbK4VadZ75i332C.0;server=akswtt006000017;cloudType=Consumer;environment=Prod_germanywestcentral_prod-s01-010-eur-germanywestcentral;migrationStage=NotStarted}
{"logTime": "0414/002617", "correlationVector":"PXBY2agBGhh3fAZ6Z0p3KX","action":"Commit Request", "result":"", "context":Item count: 3
Contributing types: Sessions, History}
{"logTime": "0414/002617", "correlationVector":"PXBY2agBGhh3fAZ6Z0p3KX.1","action":"SyncServerConnectionManagerRequest", "result":"SYNC_SERVER_OK", "context":{"environment":"Prod_germanywestcentral_prod-s01-010-eur-germanywestcentral", "migrationStage":"NotStarted", "server":"akswtt00600000p"}}
{"logTime": "0414/002617", "correlationVector":"PXBY2agBGhh3fAZ6Z0p3KX.2","action":"Commit Response", "result":"Success", "context":Result: Success. cV=PXBY2agBGhh3fAZ6Z0p3KX.0;server=akswtt00600000p;cloudType=Consumer;environment=Prod_germanywestcentral_prod-s01-010-eur-germanywestcentral;migrationStage=NotStarted}
{"logTime": "0414/002625", "correlationVector":"r4cArpTH2IeXkN6VpgmakC","action":"Commit Request", "result":"", "context":Item count: 4
Contributing types: Preferences, Sessions, History}
{"logTime": "0414/002625", "correlationVector":"r4cArpTH2IeXkN6VpgmakC.1","action":"SyncServerConnectionManagerRequest", "result":"SYNC_SERVER_OK", "context":{"environment":"Prod_germanywestcentral_prod-s01-011-eur-germanywestcentral", "migrationStage":"NotStarted", "server":"akswtt00600001t"}}
{"logTime": "0414/002625", "correlationVector":"r4cArpTH2IeXkN6VpgmakC.2","action":"Commit Response", "result":"Success", "context":Result: Success. cV=r4cArpTH2IeXkN6VpgmakC.0;server=akswtt00600001t;cloudType=Consumer;environment=Prod_germanywestcentral_prod-s01-011-eur-germanywestcentral;migrationStage=NotStarted}
