2025-04-13 23:44:59.119: [INFO][Sync] Reset engine, reason: 8
2025-04-13 23:44:59.119: [INFO][Sync] Stopped: Bookmarks
2025-04-13 23:44:59.119: [INFO][Sync] Stopped: Preferences
2025-04-13 23:44:59.119: [INFO][Sync] Stopped: Passwords
2025-04-13 23:44:59.119: [INFO][Sync] Stopped: Autofill Profiles
2025-04-13 23:44:59.119: [INFO][Sync] Stopped: Autofill
2025-04-13 23:44:59.119: [INFO][Sync] Stopped: Extensions
2025-04-13 23:44:59.119: [INFO][Sync] Stopped: Sessions
2025-04-13 23:44:59.119: [INFO][Sync] Stopped: Extension settings
2025-04-13 23:44:59.119: [INFO][Sync] Stopped: History Delete Directives
2025-04-13 23:44:59.119: [INFO][Sync] Stopped: Device Info
2025-04-13 23:44:59.119: [INFO][Sync] Stopped: User Consents
2025-04-13 23:44:59.119: [INFO][Sync] Stopped: Send Tab To Self
2025-04-13 23:44:59.119: [INFO][Sync] Stopped: Web Apps
2025-04-13 23:44:59.119: [INFO][Sync] Stopped: History
2025-04-13 23:44:59.119: [INFO][Sync] Stopped: Saved Tab Group
2025-04-13 23:44:59.119: [INFO][Sync] Stopped: Collection
2025-04-13 23:44:59.119: [INFO][Sync] Stopped: Edge E Drop
2025-04-13 23:44:59.119: [INFO][Sync] Stopped: Edge Hub App Usage
2025-04-13 23:44:59.119: [INFO][Sync] Stopped: Edge Tab Group
2025-04-13 23:44:59.119: [INFO][Sync] Stopped: Edge Wallet
2025-04-13 23:44:59.119: [INFO][Sync] SyncState after authenticated was: NotSignedIn
2025-04-13 23:44:59.230: [INFO][Sync] Reset engine, reason: 8
2025-04-13 23:44:59.230: [INFO][Sync] Stopped: Bookmarks
2025-04-13 23:44:59.230: [INFO][Sync] Stopped: Preferences
2025-04-13 23:44:59.230: [INFO][Sync] Stopped: Passwords
2025-04-13 23:44:59.230: [INFO][Sync] Stopped: Autofill Profiles
2025-04-13 23:44:59.230: [INFO][Sync] Stopped: Autofill
2025-04-13 23:44:59.230: [INFO][Sync] Stopped: Extensions
2025-04-13 23:44:59.230: [INFO][Sync] Stopped: Sessions
2025-04-13 23:44:59.230: [INFO][Sync] Stopped: Extension settings
2025-04-13 23:44:59.230: [INFO][Sync] Stopped: History Delete Directives
2025-04-13 23:44:59.230: [INFO][Sync] Stopped: Device Info
2025-04-13 23:44:59.230: [INFO][Sync] Stopped: User Consents
2025-04-13 23:44:59.230: [INFO][Sync] Stopped: Send Tab To Self
2025-04-13 23:44:59.230: [INFO][Sync] Stopped: Web Apps
2025-04-13 23:44:59.230: [INFO][Sync] Stopped: History
2025-04-13 23:44:59.230: [INFO][Sync] Stopped: Saved Tab Group
2025-04-13 23:44:59.230: [INFO][Sync] Stopped: Collection
2025-04-13 23:44:59.230: [INFO][Sync] Stopped: Edge E Drop
2025-04-13 23:44:59.230: [INFO][Sync] Stopped: Edge Hub App Usage
2025-04-13 23:44:59.230: [INFO][Sync] Stopped: Edge Tab Group
2025-04-13 23:44:59.230: [INFO][Sync] Stopped: Edge Wallet
2025-04-13 23:44:59.317: [INFO][Sync] Try to start sync engine
2025-04-13 23:44:59.318: [INFO][SyncManagerImpl::NudgeForInitialDownload] Initial download nudge for Encryption Keys
2025-04-13 23:44:59.318: [INFO][SyncEngineBackend::LoadAndConnectNigoriController] Load and connect Nigori controller
2025-04-13 23:44:59.318: [INFO][SyncEngineBackend::DoInitialize] Control Types added: Encryption Keys
2025-04-13 23:44:59.318: [INFO][SyncManagerImpl::ConfigureSyncer] Types to download: Encryption Keys with reason: 3
2025-04-13 23:44:59.318: [INFO][SyncSchedulerImpl::DoConfigurationSyncCycleJob] Configure job was blocked
2025-04-13 23:44:59.391: [INFO][SyncAuthManager::SetLastAuthError] Current auth error: None
2025-04-13 23:44:59.391: [INFO][SyncAuthManager::EdgeLogTokenErrorState] Token error with: None for account type: MSA
2025-04-13 23:44:59.391: [INFO][Sync] Credentials changed for: EdgeSyncScopeNew
2025-04-13 23:45:00.415: [INFO][SyncAuthManager::SetLastAuthError] Current auth error: None
2025-04-13 23:45:00.415: [INFO][SyncAuthManager::EdgeLogTokenErrorState] Token error with: None for account type: MSA
2025-04-13 23:45:00.415: [INFO][Sync] Credentials changed for: EdgeSyncKeyDataScope
2025-04-13 23:45:00.415: [INFO][SyncEngineBackend::DoUpdateKeyDataCredentials] Update key data credentials
2025-04-13 23:45:00.415: [INFO][SyncEngineBackend::DoUpdateCredentials] Update credentials
2025-04-13 23:45:00.416: [INFO][SyncSchedulerImpl::DoConfigurationSyncCycleJob] Blocked types:  and types to download: Encryption Keys
2025-04-13 23:45:00.892: [INFO][Sync] Started DataTypeManager configuration, reason: 4
2025-04-13 23:45:00.892: [INFO][Sync] Configuring for: Bookmarks, Preferences, Passwords, Autofill Profiles, Autofill, Extensions, Sessions, Extension settings, History Delete Directives, Device Info, User Consents, Send Tab To Self, Web Apps, History, Saved Tab Group, Collection, Edge E Drop, Edge Hub App Usage, Edge Tab Group, Edge Wallet, Encryption Keys, reason: 3, current state: 0
2025-04-13 23:45:00.892: [WARN][Sync] Crypto error data types: Passwords, Autofill Profiles, Autofill
2025-04-13 23:45:00.893: [INFO][Sync] Configure, desired: Bookmarks, Preferences, Extensions, Sessions, Extension settings, History Delete Directives, Device Info, User Consents, Send Tab To Self, Web Apps, History, Saved Tab Group, Collection, Edge E Drop, Edge Hub App Usage, Edge Tab Group, Edge Wallet, Encryption Keys; Allow fail: Passwords, Autofill Profiles, Autofill
2025-04-13 23:45:00.893: [INFO][Sync] Loading: Bookmarks
2025-04-13 23:45:00.893: [INFO][Sync] Loading: Preferences
2025-04-13 23:45:00.893: [INFO][Sync] Loading: Extensions
2025-04-13 23:45:00.893: [INFO][Sync] Loading: Sessions
2025-04-13 23:45:00.893: [INFO][Sync] Loading: Extension settings
2025-04-13 23:45:00.893: [INFO][Sync] Loading: History Delete Directives
2025-04-13 23:45:00.893: [INFO][Sync] Loading: Device Info
2025-04-13 23:45:00.893: [INFO][Sync] Loading: User Consents
2025-04-13 23:45:00.893: [INFO][Sync] Loading: Send Tab To Self
2025-04-13 23:45:00.893: [INFO][Sync] Loading: Web Apps
2025-04-13 23:45:00.893: [INFO][Sync] Loading: History
2025-04-13 23:45:00.893: [INFO][Sync] Loading: Saved Tab Group
2025-04-13 23:45:00.893: [INFO][Sync] Loading: Collection
2025-04-13 23:45:00.893: [INFO][Sync] Loading: Edge E Drop
2025-04-13 23:45:00.893: [INFO][Sync] Loading: Edge Hub App Usage
2025-04-13 23:45:00.893: [INFO][Sync] Loading: Edge Tab Group
2025-04-13 23:45:00.893: [INFO][Sync] Loading: Edge Wallet
2025-04-13 23:45:00.893: [INFO][Sync] All data types are ready for configure.
2025-04-13 23:45:01.506: [INFO][SyncEngineBackend::DoStartConfiguration] Start configuration
2025-04-13 23:45:01.506: [INFO][SyncManagerImpl::NudgeForInitialDownload] Initial download nudge for Bookmarks
2025-04-13 23:45:01.506: [INFO][SyncManagerImpl::NudgeForInitialDownload] Initial download nudge for Preferences
2025-04-13 23:45:01.506: [INFO][SyncManagerImpl::NudgeForInitialDownload] Initial download nudge for Extensions
2025-04-13 23:45:01.506: [INFO][SyncManagerImpl::NudgeForInitialDownload] Initial download nudge for Sessions
2025-04-13 23:45:01.506: [INFO][SyncManagerImpl::NudgeForInitialDownload] Initial download nudge for Extension settings
2025-04-13 23:45:01.506: [INFO][SyncManagerImpl::NudgeForInitialDownload] Initial download nudge for History Delete Directives
2025-04-13 23:45:01.506: [INFO][SyncManagerImpl::NudgeForInitialDownload] Initial download nudge for Device Info
2025-04-13 23:45:01.506: [INFO][SyncManagerImpl::NudgeForInitialDownload] Initial download nudge for Send Tab To Self
2025-04-13 23:45:01.506: [INFO][SyncManagerImpl::NudgeForInitialDownload] Initial download nudge for Web Apps
2025-04-13 23:45:01.506: [INFO][SyncManagerImpl::NudgeForInitialDownload] Initial download nudge for History
2025-04-13 23:45:01.506: [INFO][SyncManagerImpl::NudgeForInitialDownload] Initial download nudge for Saved Tab Group
2025-04-13 23:45:01.506: [INFO][SyncManagerImpl::NudgeForInitialDownload] Initial download nudge for Collection
2025-04-13 23:45:01.506: [INFO][SyncManagerImpl::NudgeForInitialDownload] Initial download nudge for Edge E Drop
2025-04-13 23:45:01.506: [INFO][SyncManagerImpl::NudgeForInitialDownload] Initial download nudge for Edge Hub App Usage
2025-04-13 23:45:01.506: [INFO][SyncManagerImpl::NudgeForInitialDownload] Initial download nudge for Edge Tab Group
2025-04-13 23:45:01.506: [INFO][SyncManagerImpl::NudgeForInitialDownload] Initial download nudge for Edge Wallet
2025-04-13 23:45:01.506: [INFO][SyncManagerImpl::ConfigureSyncer] Types to download:  with reason: 3
2025-04-13 23:45:01.506: [INFO][SyncEngineBackend::DoFinishConfigureDataTypes] Failed to download types:  and succeeded types: 
2025-04-13 23:45:01.507: [INFO][Sync] Started DataTypeManager configuration, reason: 5
2025-04-13 23:45:01.507: [INFO][Sync] Configuring for: Bookmarks, Preferences, Passwords, Autofill Profiles, Autofill, Extensions, Sessions, Extension settings, History Delete Directives, Device Info, User Consents, Send Tab To Self, Web Apps, History, Saved Tab Group, Collection, Edge E Drop, Edge Hub App Usage, Edge Tab Group, Edge Wallet, Encryption Keys, reason: 5, current state: 1
2025-04-13 23:45:01.507: [INFO][Sync] ConfigurationDone, failed: , succeeded: , remaining count: 4
2025-04-13 23:45:01.507: [WARN][Sync]     Reconfigure requested while configuration ongoing.
2025-04-13 23:45:01.507: [INFO][Sync] Configuring for: Bookmarks, Preferences, Passwords, Autofill Profiles, Autofill, Extensions, Sessions, Extension settings, History Delete Directives, Device Info, User Consents, Send Tab To Self, Web Apps, History, Saved Tab Group, Collection, Edge E Drop, Edge Hub App Usage, Edge Tab Group, Edge Wallet, Encryption Keys, reason: 5, current state: 2
2025-04-13 23:45:01.507: [INFO][Sync] Configure, desired: Bookmarks, Preferences, Passwords, Autofill Profiles, Autofill, Extensions, Sessions, Extension settings, History Delete Directives, Device Info, User Consents, Send Tab To Self, Web Apps, History, Saved Tab Group, Collection, Edge E Drop, Edge Hub App Usage, Edge Tab Group, Edge Wallet, Encryption Keys; Allow fail: 
2025-04-13 23:45:01.507: [INFO][Sync] Loading: Passwords
2025-04-13 23:45:01.507: [INFO][Sync] Loading: Autofill Profiles
2025-04-13 23:45:01.507: [INFO][Sync] Loading: Autofill
2025-04-13 23:45:01.508: [INFO][Sync] All data types are ready for configure.
2025-04-13 23:45:01.508: [INFO][SyncManagerImpl::NudgeForInitialDownload] Initial download nudge for Passwords
2025-04-13 23:45:01.508: [INFO][SyncManagerImpl::NudgeForInitialDownload] Initial download nudge for Autofill Profiles
2025-04-13 23:45:01.508: [INFO][SyncManagerImpl::NudgeForInitialDownload] Initial download nudge for Autofill
2025-04-13 23:45:01.508: [INFO][SyncManagerImpl::ConfigureSyncer] Types to download:  with reason: 5
2025-04-13 23:45:01.508: [INFO][SyncEngineBackend::DoFinishConfigureDataTypes] Failed to download types:  and succeeded types: 
2025-04-13 23:45:01.508: [INFO][Sync] ConfigurationDone, failed: , succeeded: , remaining count: 4
2025-04-13 23:45:01.508: [INFO][Sync] Prepare to configure types: Preferences, Passwords, Device Info, Send Tab To Self, Edge E Drop, Encryption Keys
2025-04-13 23:45:01.508: [INFO][SyncManagerImpl::ConfigureSyncer] Types to download: Preferences, Passwords, Device Info, Send Tab To Self, Edge E Drop, Encryption Keys with reason: 5
2025-04-13 23:45:01.508: [INFO][SyncSchedulerImpl::DoConfigurationSyncCycleJob] Blocked types:  and types to download: Preferences, Passwords, Device Info, Send Tab To Self, Edge E Drop, Encryption Keys
2025-04-13 23:45:02.028: [INFO][SyncEngineBackend::DoFinishConfigureDataTypes] Failed to download types:  and succeeded types: Preferences, Passwords, Device Info, Send Tab To Self, Edge E Drop, Encryption Keys
2025-04-13 23:45:02.028: [INFO][Sync] ConfigurationDone, failed: , succeeded: Preferences, Passwords, Device Info, Send Tab To Self, Edge E Drop, Encryption Keys, remaining count: 3
2025-04-13 23:45:02.028: [INFO][Sync] Prepare to configure types: Bookmarks, Encryption Keys
2025-04-13 23:45:02.028: [INFO][SyncManagerImpl::ConfigureSyncer] Types to download: Bookmarks, Encryption Keys with reason: 5
2025-04-13 23:45:02.028: [INFO][SyncSchedulerImpl::DoConfigurationSyncCycleJob] Blocked types:  and types to download: Bookmarks, Encryption Keys
2025-04-13 23:45:02.339: [INFO][SyncEngineBackend::DoFinishConfigureDataTypes] Failed to download types:  and succeeded types: Bookmarks, Encryption Keys
2025-04-13 23:45:02.345: [INFO][Sync] ConfigurationDone, failed: , succeeded: Bookmarks, Encryption Keys, remaining count: 2
2025-04-13 23:45:02.345: [INFO][Sync] Prepare to configure types: Autofill Profiles, Autofill, Extensions, Sessions, Extension settings, History Delete Directives, Web Apps, Saved Tab Group, Collection, Edge Hub App Usage, Edge Tab Group, Edge Wallet, Encryption Keys
2025-04-13 23:45:02.345: [INFO][SyncManagerImpl::ConfigureSyncer] Types to download: Autofill Profiles, Autofill, Extensions, Sessions, Extension settings, History Delete Directives, Web Apps, Saved Tab Group, Collection, Edge Hub App Usage, Edge Tab Group, Edge Wallet, Encryption Keys with reason: 5
2025-04-13 23:45:02.345: [INFO][SyncSchedulerImpl::DoConfigurationSyncCycleJob] Blocked types:  and types to download: Autofill Profiles, Autofill, Extensions, Sessions, Extension settings, History Delete Directives, Web Apps, Saved Tab Group, Collection, Edge Hub App Usage, Edge Tab Group, Edge Wallet, Encryption Keys
2025-04-13 23:45:02.481: [INFO][SyncEngineBackend::DoFinishConfigureDataTypes] Failed to download types:  and succeeded types: Autofill Profiles, Autofill, Extensions, Sessions, Extension settings, History Delete Directives, Web Apps, Saved Tab Group, Collection, Edge Hub App Usage, Edge Tab Group, Edge Wallet, Encryption Keys
2025-04-13 23:45:02.481: [INFO][Sync] ConfigurationDone, failed: , succeeded: Autofill Profiles, Autofill, Extensions, Sessions, Extension settings, History Delete Directives, Web Apps, Saved Tab Group, Collection, Edge Hub App Usage, Edge Tab Group, Edge Wallet, Encryption Keys, remaining count: 1
2025-04-13 23:45:02.481: [INFO][Sync] Prepare to configure types: History, Encryption Keys
2025-04-13 23:45:02.481: [INFO][SyncManagerImpl::ConfigureSyncer] Types to download: History, Encryption Keys with reason: 5
2025-04-13 23:45:02.481: [INFO][SyncSchedulerImpl::DoConfigurationSyncCycleJob] Blocked types:  and types to download: History, Encryption Keys
2025-04-13 23:45:02.608: [INFO][SyncEngineBackend::DoFinishConfigureDataTypes] Failed to download types:  and succeeded types: History, Encryption Keys
2025-04-13 23:45:02.609: [INFO][Sync] ConfigurationDone, failed: , succeeded: History, Encryption Keys, remaining count: 0
2025-04-13 23:45:02.610: [INFO][Sync]     Configuration completed, state: 7
2025-04-13 23:45:02.610: [INFO][Sync] Configured DataTypeManager: Ok
2025-04-13 23:45:02.610: [INFO][SyncEngineBackend::DoStartSyncing] Start syncing
2025-04-13 23:47:41.352: [INFO][Sync] Reset engine, reason: 0
2025-04-13 23:47:41.352: [INFO][Sync] Reset engine with reason: 0
2025-04-13 23:51:10.258: [INFO][Sync] SyncState after authenticated was: FeatureCanStart
2025-04-13 23:51:10.423: [INFO][Sync] Try to start sync engine
2025-04-13 23:51:10.424: [INFO][SyncManagerImpl::NudgeForInitialDownload] Initial download nudge for Encryption Keys
2025-04-13 23:51:10.424: [INFO][SyncEngineBackend::LoadAndConnectNigoriController] Load and connect Nigori controller
2025-04-13 23:51:10.424: [INFO][SyncEngineBackend::DoInitialize] Control Types added: Encryption Keys
2025-04-13 23:51:10.424: [INFO][SyncManagerImpl::ConfigureSyncer] Types to download: Encryption Keys with reason: 3
2025-04-13 23:51:10.424: [INFO][SyncSchedulerImpl::DoConfigurationSyncCycleJob] Configure job was blocked
2025-04-13 23:51:10.440: [INFO][SyncAuthManager::SetLastAuthError] Current auth error: None
2025-04-13 23:51:10.440: [INFO][SyncAuthManager::EdgeLogTokenErrorState] Token error with: None for account type: MSA
2025-04-13 23:51:10.440: [INFO][Sync] Credentials changed for: EdgeSyncScopeNew
2025-04-13 23:51:11.184: [INFO][SyncAuthManager::SetLastAuthError] Current auth error: None
2025-04-13 23:51:11.184: [INFO][SyncAuthManager::EdgeLogTokenErrorState] Token error with: None for account type: MSA
2025-04-13 23:51:11.184: [INFO][Sync] Credentials changed for: EdgeSyncKeyDataScope
2025-04-13 23:51:11.184: [INFO][SyncEngineBackend::DoUpdateKeyDataCredentials] Update key data credentials
2025-04-13 23:51:11.184: [INFO][SyncEngineBackend::DoUpdateCredentials] Update credentials
2025-04-13 23:51:11.184: [INFO][SyncSchedulerImpl::DoConfigurationSyncCycleJob] Blocked types:  and types to download: Encryption Keys
2025-04-13 23:51:12.340: [INFO][Sync] Started DataTypeManager configuration, reason: 4
2025-04-13 23:51:12.340: [INFO][Sync] Configuring for: Bookmarks, Preferences, Passwords, Autofill Profiles, Autofill, Extensions, Sessions, Extension settings, History Delete Directives, Device Info, User Consents, Send Tab To Self, Web Apps, History, Saved Tab Group, Collection, Edge E Drop, Edge Hub App Usage, Edge Tab Group, Edge Wallet, Encryption Keys, reason: 4, current state: 0
2025-04-13 23:51:12.340: [WARN][Sync] Crypto error data types: Passwords, Autofill Profiles, Autofill
2025-04-13 23:51:12.341: [INFO][Sync] Configure, desired: Bookmarks, Preferences, Extensions, Sessions, Extension settings, History Delete Directives, Device Info, User Consents, Send Tab To Self, Web Apps, History, Saved Tab Group, Collection, Edge E Drop, Edge Hub App Usage, Edge Tab Group, Edge Wallet, Encryption Keys; Allow fail: Passwords, Autofill Profiles, Autofill
2025-04-13 23:51:12.341: [INFO][Sync] Loading: Bookmarks
2025-04-13 23:51:12.341: [INFO][Sync] Loading: Preferences
2025-04-13 23:51:12.341: [INFO][Sync] Loading: Extensions
2025-04-13 23:51:12.341: [INFO][Sync] Loading: Sessions
2025-04-13 23:51:12.341: [INFO][Sync] Loading: Extension settings
2025-04-13 23:51:12.341: [INFO][Sync] Loading: History Delete Directives
2025-04-13 23:51:12.341: [INFO][Sync] Loading: Device Info
2025-04-13 23:51:12.341: [INFO][Sync] Loading: User Consents
2025-04-13 23:51:12.341: [INFO][Sync] Loading: Send Tab To Self
2025-04-13 23:51:12.341: [INFO][Sync] Loading: Web Apps
2025-04-13 23:51:12.341: [INFO][Sync] Loading: History
2025-04-13 23:51:12.341: [INFO][Sync] Loading: Saved Tab Group
2025-04-13 23:51:12.341: [INFO][Sync] Loading: Collection
2025-04-13 23:51:12.341: [INFO][Sync] Loading: Edge E Drop
2025-04-13 23:51:12.341: [INFO][Sync] Loading: Edge Hub App Usage
2025-04-13 23:51:12.341: [INFO][Sync] Loading: Edge Tab Group
2025-04-13 23:51:12.341: [INFO][Sync] Loading: Edge Wallet
2025-04-13 23:51:12.342: [INFO][Sync] All data types are ready for configure.
2025-04-13 23:51:12.984: [INFO][Sync] Started DataTypeManager configuration, reason: 5
2025-04-13 23:51:12.985: [INFO][Sync] Configuring for: Bookmarks, Preferences, Passwords, Autofill Profiles, Autofill, Extensions, Sessions, Extension settings, History Delete Directives, Device Info, User Consents, Send Tab To Self, Web Apps, History, Saved Tab Group, Collection, Edge E Drop, Edge Hub App Usage, Edge Tab Group, Edge Wallet, Encryption Keys, reason: 5, current state: 1
2025-04-13 23:51:12.985: [INFO][SyncEngineBackend::DoStartConfiguration] Start configuration
2025-04-13 23:51:12.985: [INFO][SyncManagerImpl::ConfigureSyncer] Types to download:  with reason: 4
2025-04-13 23:51:12.985: [INFO][SyncEngineBackend::DoFinishConfigureDataTypes] Failed to download types:  and succeeded types: 
2025-04-13 23:51:12.985: [INFO][Sync] ConfigurationDone, failed: , succeeded: , remaining count: 4
2025-04-13 23:51:12.985: [WARN][Sync]     Reconfigure requested while configuration ongoing.
2025-04-13 23:51:12.985: [INFO][Sync] Configuring for: Bookmarks, Preferences, Passwords, Autofill Profiles, Autofill, Extensions, Sessions, Extension settings, History Delete Directives, Device Info, User Consents, Send Tab To Self, Web Apps, History, Saved Tab Group, Collection, Edge E Drop, Edge Hub App Usage, Edge Tab Group, Edge Wallet, Encryption Keys, reason: 5, current state: 2
2025-04-13 23:51:12.985: [INFO][Sync] Configure, desired: Bookmarks, Preferences, Passwords, Autofill Profiles, Autofill, Extensions, Sessions, Extension settings, History Delete Directives, Device Info, User Consents, Send Tab To Self, Web Apps, History, Saved Tab Group, Collection, Edge E Drop, Edge Hub App Usage, Edge Tab Group, Edge Wallet, Encryption Keys; Allow fail: 
2025-04-13 23:51:12.985: [INFO][Sync] Loading: Passwords
2025-04-13 23:51:12.985: [INFO][Sync] Loading: Autofill Profiles
2025-04-13 23:51:12.985: [INFO][Sync] Loading: Autofill
2025-04-13 23:51:12.986: [INFO][Sync] All data types are ready for configure.
2025-04-13 23:51:12.987: [INFO][SyncManagerImpl::NudgeForInitialDownload] Initial download nudge for Passwords
2025-04-13 23:51:12.987: [INFO][SyncManagerImpl::ConfigureSyncer] Types to download:  with reason: 5
2025-04-13 23:51:12.987: [INFO][SyncEngineBackend::DoFinishConfigureDataTypes] Failed to download types:  and succeeded types: 
2025-04-13 23:51:12.987: [INFO][Sync] ConfigurationDone, failed: , succeeded: , remaining count: 4
2025-04-13 23:51:12.987: [INFO][Sync] Prepare to configure types: Passwords, Encryption Keys
2025-04-13 23:51:12.987: [INFO][SyncManagerImpl::ConfigureSyncer] Types to download: Passwords, Encryption Keys with reason: 5
2025-04-13 23:51:12.987: [INFO][SyncSchedulerImpl::DoConfigurationSyncCycleJob] Blocked types:  and types to download: Passwords, Encryption Keys
2025-04-13 23:51:13.513: [INFO][SyncEngineBackend::DoFinishConfigureDataTypes] Failed to download types:  and succeeded types: Passwords, Encryption Keys
2025-04-13 23:51:13.513: [INFO][Sync] ConfigurationDone, failed: , succeeded: Passwords, Encryption Keys, remaining count: 3
2025-04-13 23:51:13.514: [INFO][SyncManagerImpl::ConfigureSyncer] Types to download:  with reason: 5
2025-04-13 23:51:13.514: [INFO][SyncEngineBackend::DoFinishConfigureDataTypes] Failed to download types:  and succeeded types: 
2025-04-13 23:51:13.515: [INFO][Sync] ConfigurationDone, failed: , succeeded: , remaining count: 2
2025-04-13 23:51:13.515: [INFO][SyncManagerImpl::ConfigureSyncer] Types to download:  with reason: 5
2025-04-13 23:51:13.515: [INFO][SyncEngineBackend::DoFinishConfigureDataTypes] Failed to download types:  and succeeded types: 
2025-04-13 23:51:13.515: [INFO][Sync] ConfigurationDone, failed: , succeeded: , remaining count: 1
2025-04-13 23:51:13.516: [INFO][SyncManagerImpl::ConfigureSyncer] Types to download:  with reason: 5
2025-04-13 23:51:13.516: [INFO][SyncEngineBackend::DoFinishConfigureDataTypes] Failed to download types:  and succeeded types: 
2025-04-13 23:51:13.516: [INFO][Sync] ConfigurationDone, failed: , succeeded: , remaining count: 0
2025-04-13 23:51:13.516: [INFO][Sync]     Configuration completed, state: 7
2025-04-13 23:51:13.516: [INFO][Sync] Configured DataTypeManager: Ok
2025-04-13 23:51:13.517: [INFO][SyncEngineBackend::DoStartSyncing] Start syncing
2025-04-13 23:54:35.703: [INFO][Sync] SyncState after authenticated was: FeatureCanStart
2025-04-13 23:54:35.870: [INFO][Sync] Try to start sync engine
2025-04-13 23:54:35.870: [INFO][SyncManagerImpl::NudgeForInitialDownload] Initial download nudge for Encryption Keys
2025-04-13 23:54:35.870: [INFO][SyncEngineBackend::LoadAndConnectNigoriController] Load and connect Nigori controller
2025-04-13 23:54:35.870: [INFO][SyncEngineBackend::DoInitialize] Control Types added: Encryption Keys
2025-04-13 23:54:35.870: [INFO][SyncManagerImpl::ConfigureSyncer] Types to download: Encryption Keys with reason: 3
2025-04-13 23:54:35.870: [INFO][SyncSchedulerImpl::DoConfigurationSyncCycleJob] Configure job was blocked
2025-04-13 23:54:35.884: [INFO][SyncAuthManager::SetLastAuthError] Current auth error: None
2025-04-13 23:54:35.884: [INFO][SyncAuthManager::EdgeLogTokenErrorState] Token error with: None for account type: MSA
2025-04-13 23:54:35.884: [INFO][Sync] Credentials changed for: EdgeSyncScopeNew
2025-04-13 23:54:36.602: [INFO][SyncAuthManager::SetLastAuthError] Current auth error: None
2025-04-13 23:54:36.602: [INFO][SyncAuthManager::EdgeLogTokenErrorState] Token error with: None for account type: MSA
2025-04-13 23:54:36.602: [INFO][Sync] Credentials changed for: EdgeSyncKeyDataScope
2025-04-13 23:54:36.602: [INFO][SyncEngineBackend::DoUpdateKeyDataCredentials] Update key data credentials
2025-04-13 23:54:36.602: [INFO][SyncEngineBackend::DoUpdateCredentials] Update credentials
2025-04-13 23:54:36.602: [INFO][SyncSchedulerImpl::DoConfigurationSyncCycleJob] Blocked types:  and types to download: Encryption Keys
2025-04-13 23:54:37.202: [INFO][Sync] Started DataTypeManager configuration, reason: 4
2025-04-13 23:54:37.202: [INFO][Sync] Configuring for: Bookmarks, Preferences, Passwords, Autofill Profiles, Autofill, Extensions, Sessions, Extension settings, History Delete Directives, Device Info, User Consents, Send Tab To Self, Web Apps, History, Saved Tab Group, Collection, Edge E Drop, Edge Hub App Usage, Edge Tab Group, Edge Wallet, Encryption Keys, reason: 4, current state: 0
2025-04-13 23:54:37.202: [WARN][Sync] Crypto error data types: Passwords, Autofill Profiles, Autofill
2025-04-13 23:54:37.203: [INFO][Sync] Configure, desired: Bookmarks, Preferences, Extensions, Sessions, Extension settings, History Delete Directives, Device Info, User Consents, Send Tab To Self, Web Apps, History, Saved Tab Group, Collection, Edge E Drop, Edge Hub App Usage, Edge Tab Group, Edge Wallet, Encryption Keys; Allow fail: Passwords, Autofill Profiles, Autofill
2025-04-13 23:54:37.203: [INFO][Sync] Loading: Bookmarks
2025-04-13 23:54:37.203: [INFO][Sync] Loading: Preferences
2025-04-13 23:54:37.203: [INFO][Sync] Loading: Extensions
2025-04-13 23:54:37.203: [INFO][Sync] Loading: Sessions
2025-04-13 23:54:37.203: [INFO][Sync] Loading: Extension settings
2025-04-13 23:54:37.203: [INFO][Sync] Loading: History Delete Directives
2025-04-13 23:54:37.203: [INFO][Sync] Loading: Device Info
2025-04-13 23:54:37.203: [INFO][Sync] Loading: User Consents
2025-04-13 23:54:37.203: [INFO][Sync] Loading: Send Tab To Self
2025-04-13 23:54:37.203: [INFO][Sync] Loading: Web Apps
2025-04-13 23:54:37.203: [INFO][Sync] Loading: History
2025-04-13 23:54:37.203: [INFO][Sync] Loading: Saved Tab Group
2025-04-13 23:54:37.203: [INFO][Sync] Loading: Collection
2025-04-13 23:54:37.203: [INFO][Sync] Loading: Edge E Drop
2025-04-13 23:54:37.203: [INFO][Sync] Loading: Edge Hub App Usage
2025-04-13 23:54:37.203: [INFO][Sync] Loading: Edge Tab Group
2025-04-13 23:54:37.203: [INFO][Sync] Loading: Edge Wallet
2025-04-13 23:54:37.204: [INFO][Sync] All data types are ready for configure.
2025-04-13 23:54:38.669: [INFO][Sync] Started DataTypeManager configuration, reason: 5
2025-04-13 23:54:38.669: [INFO][Sync] Configuring for: Bookmarks, Preferences, Passwords, Autofill Profiles, Autofill, Extensions, Sessions, Extension settings, History Delete Directives, Device Info, User Consents, Send Tab To Self, Web Apps, History, Saved Tab Group, Collection, Edge E Drop, Edge Hub App Usage, Edge Tab Group, Edge Wallet, Encryption Keys, reason: 5, current state: 1
2025-04-13 23:54:38.669: [INFO][SyncEngineBackend::DoStartConfiguration] Start configuration
2025-04-13 23:54:38.669: [INFO][SyncManagerImpl::ConfigureSyncer] Types to download:  with reason: 4
2025-04-13 23:54:38.669: [INFO][SyncEngineBackend::DoFinishConfigureDataTypes] Failed to download types:  and succeeded types: 
2025-04-13 23:54:38.669: [INFO][Sync] ConfigurationDone, failed: , succeeded: , remaining count: 4
2025-04-13 23:54:38.669: [WARN][Sync]     Reconfigure requested while configuration ongoing.
2025-04-13 23:54:38.669: [INFO][Sync] Configuring for: Bookmarks, Preferences, Passwords, Autofill Profiles, Autofill, Extensions, Sessions, Extension settings, History Delete Directives, Device Info, User Consents, Send Tab To Self, Web Apps, History, Saved Tab Group, Collection, Edge E Drop, Edge Hub App Usage, Edge Tab Group, Edge Wallet, Encryption Keys, reason: 5, current state: 2
2025-04-13 23:54:38.669: [INFO][Sync] Configure, desired: Bookmarks, Preferences, Passwords, Autofill Profiles, Autofill, Extensions, Sessions, Extension settings, History Delete Directives, Device Info, User Consents, Send Tab To Self, Web Apps, History, Saved Tab Group, Collection, Edge E Drop, Edge Hub App Usage, Edge Tab Group, Edge Wallet, Encryption Keys; Allow fail: 
2025-04-13 23:54:38.669: [INFO][Sync] Loading: Passwords
2025-04-13 23:54:38.669: [INFO][Sync] Loading: Autofill Profiles
2025-04-13 23:54:38.669: [INFO][Sync] Loading: Autofill
2025-04-13 23:54:38.671: [INFO][Sync] All data types are ready for configure.
2025-04-13 23:54:38.671: [INFO][SyncManagerImpl::NudgeForInitialDownload] Initial download nudge for Passwords
2025-04-13 23:54:38.671: [INFO][SyncManagerImpl::ConfigureSyncer] Types to download:  with reason: 5
2025-04-13 23:54:38.671: [INFO][SyncEngineBackend::DoFinishConfigureDataTypes] Failed to download types:  and succeeded types: 
2025-04-13 23:54:38.671: [INFO][Sync] ConfigurationDone, failed: , succeeded: , remaining count: 4
2025-04-13 23:54:38.671: [INFO][Sync] Prepare to configure types: Passwords, Encryption Keys
2025-04-13 23:54:38.671: [INFO][SyncManagerImpl::ConfigureSyncer] Types to download: Passwords, Encryption Keys with reason: 5
2025-04-13 23:54:38.671: [INFO][SyncSchedulerImpl::DoConfigurationSyncCycleJob] Blocked types:  and types to download: Passwords, Encryption Keys
2025-04-13 23:54:39.094: [INFO][SyncEngineBackend::DoFinishConfigureDataTypes] Failed to download types:  and succeeded types: Passwords, Encryption Keys
2025-04-13 23:54:39.095: [INFO][Sync] ConfigurationDone, failed: , succeeded: Passwords, Encryption Keys, remaining count: 3
2025-04-13 23:54:39.095: [INFO][SyncManagerImpl::ConfigureSyncer] Types to download:  with reason: 5
2025-04-13 23:54:39.095: [INFO][SyncEngineBackend::DoFinishConfigureDataTypes] Failed to download types:  and succeeded types: 
2025-04-13 23:54:39.095: [INFO][Sync] ConfigurationDone, failed: , succeeded: , remaining count: 2
2025-04-13 23:54:39.095: [INFO][SyncManagerImpl::ConfigureSyncer] Types to download:  with reason: 5
2025-04-13 23:54:39.095: [INFO][SyncEngineBackend::DoFinishConfigureDataTypes] Failed to download types:  and succeeded types: 
2025-04-13 23:54:39.095: [INFO][Sync] ConfigurationDone, failed: , succeeded: , remaining count: 1
2025-04-13 23:54:39.096: [INFO][SyncManagerImpl::ConfigureSyncer] Types to download:  with reason: 5
2025-04-13 23:54:39.096: [INFO][SyncEngineBackend::DoFinishConfigureDataTypes] Failed to download types:  and succeeded types: 
2025-04-13 23:54:39.097: [INFO][Sync] ConfigurationDone, failed: , succeeded: , remaining count: 0
2025-04-13 23:54:39.097: [INFO][Sync]     Configuration completed, state: 7
2025-04-13 23:54:39.097: [INFO][Sync] Configured DataTypeManager: Ok
2025-04-13 23:54:39.098: [INFO][SyncEngineBackend::DoStartSyncing] Start syncing
2025-04-14 00:09:15.153: [INFO][Sync] SyncState after authenticated was: FeatureCanStart
2025-04-14 00:09:15.305: [INFO][Sync] Try to start sync engine
2025-04-14 00:09:15.306: [INFO][SyncManagerImpl::NudgeForInitialDownload] Initial download nudge for Encryption Keys
2025-04-14 00:09:15.306: [INFO][SyncEngineBackend::LoadAndConnectNigoriController] Load and connect Nigori controller
2025-04-14 00:09:15.306: [INFO][SyncEngineBackend::DoInitialize] Control Types added: Encryption Keys
2025-04-14 00:09:15.306: [INFO][SyncManagerImpl::ConfigureSyncer] Types to download: Encryption Keys with reason: 3
2025-04-14 00:09:15.306: [INFO][SyncSchedulerImpl::DoConfigurationSyncCycleJob] Configure job was blocked
2025-04-14 00:09:15.321: [INFO][SyncAuthManager::SetLastAuthError] Current auth error: None
2025-04-14 00:09:15.321: [INFO][SyncAuthManager::EdgeLogTokenErrorState] Token error with: None for account type: MSA
2025-04-14 00:09:15.321: [INFO][Sync] Credentials changed for: EdgeSyncScopeNew
2025-04-14 00:09:17.435: [INFO][SyncAuthManager::SetLastAuthError] Current auth error: None
2025-04-14 00:09:17.435: [INFO][SyncAuthManager::EdgeLogTokenErrorState] Token error with: None for account type: MSA
2025-04-14 00:09:17.435: [INFO][Sync] Credentials changed for: EdgeSyncKeyDataScope
2025-04-14 00:09:17.435: [INFO][SyncEngineBackend::DoUpdateKeyDataCredentials] Update key data credentials
2025-04-14 00:09:17.435: [INFO][SyncEngineBackend::DoUpdateCredentials] Update credentials
2025-04-14 00:09:17.435: [INFO][SyncSchedulerImpl::DoConfigurationSyncCycleJob] Blocked types:  and types to download: Encryption Keys
2025-04-14 00:09:17.778: [INFO][Sync] Started DataTypeManager configuration, reason: 4
2025-04-14 00:09:17.778: [INFO][Sync] Configuring for: Bookmarks, Preferences, Passwords, Autofill Profiles, Autofill, Extensions, Sessions, Extension settings, History Delete Directives, Device Info, User Consents, Send Tab To Self, Web Apps, History, Saved Tab Group, Collection, Edge E Drop, Edge Hub App Usage, Edge Tab Group, Edge Wallet, Encryption Keys, reason: 4, current state: 0
2025-04-14 00:09:17.778: [WARN][Sync] Crypto error data types: Passwords, Autofill Profiles, Autofill
2025-04-14 00:09:17.778: [INFO][Sync] Configure, desired: Bookmarks, Preferences, Extensions, Sessions, Extension settings, History Delete Directives, Device Info, User Consents, Send Tab To Self, Web Apps, History, Saved Tab Group, Collection, Edge E Drop, Edge Hub App Usage, Edge Tab Group, Edge Wallet, Encryption Keys; Allow fail: Passwords, Autofill Profiles, Autofill
2025-04-14 00:09:17.778: [INFO][Sync] Loading: Bookmarks
2025-04-14 00:09:17.778: [INFO][Sync] Loading: Preferences
2025-04-14 00:09:17.778: [INFO][Sync] Loading: Extensions
2025-04-14 00:09:17.778: [INFO][Sync] Loading: Sessions
2025-04-14 00:09:17.778: [INFO][Sync] Loading: Extension settings
2025-04-14 00:09:17.778: [INFO][Sync] Loading: History Delete Directives
2025-04-14 00:09:17.779: [INFO][Sync] Loading: Device Info
2025-04-14 00:09:17.779: [INFO][Sync] Loading: User Consents
2025-04-14 00:09:17.779: [INFO][Sync] Loading: Send Tab To Self
2025-04-14 00:09:17.779: [INFO][Sync] Loading: Web Apps
2025-04-14 00:09:17.779: [INFO][Sync] Loading: History
2025-04-14 00:09:17.779: [INFO][Sync] Loading: Saved Tab Group
2025-04-14 00:09:17.779: [INFO][Sync] Loading: Collection
2025-04-14 00:09:17.779: [INFO][Sync] Loading: Edge E Drop
2025-04-14 00:09:17.779: [INFO][Sync] Loading: Edge Hub App Usage
2025-04-14 00:09:17.779: [INFO][Sync] Loading: Edge Tab Group
2025-04-14 00:09:17.779: [INFO][Sync] Loading: Edge Wallet
2025-04-14 00:09:17.779: [INFO][Sync] All data types are ready for configure.
2025-04-14 00:09:18.202: [INFO][Sync] Started DataTypeManager configuration, reason: 5
2025-04-14 00:09:18.202: [INFO][Sync] Configuring for: Bookmarks, Preferences, Passwords, Autofill Profiles, Autofill, Extensions, Sessions, Extension settings, History Delete Directives, Device Info, User Consents, Send Tab To Self, Web Apps, History, Saved Tab Group, Collection, Edge E Drop, Edge Hub App Usage, Edge Tab Group, Edge Wallet, Encryption Keys, reason: 5, current state: 1
2025-04-14 00:09:18.202: [INFO][SyncEngineBackend::DoStartConfiguration] Start configuration
2025-04-14 00:09:18.202: [INFO][SyncManagerImpl::ConfigureSyncer] Types to download:  with reason: 4
2025-04-14 00:09:18.202: [INFO][SyncEngineBackend::DoFinishConfigureDataTypes] Failed to download types:  and succeeded types: 
2025-04-14 00:09:18.202: [INFO][Sync] ConfigurationDone, failed: , succeeded: , remaining count: 4
2025-04-14 00:09:18.202: [WARN][Sync]     Reconfigure requested while configuration ongoing.
2025-04-14 00:09:18.202: [INFO][Sync] Configuring for: Bookmarks, Preferences, Passwords, Autofill Profiles, Autofill, Extensions, Sessions, Extension settings, History Delete Directives, Device Info, User Consents, Send Tab To Self, Web Apps, History, Saved Tab Group, Collection, Edge E Drop, Edge Hub App Usage, Edge Tab Group, Edge Wallet, Encryption Keys, reason: 5, current state: 2
2025-04-14 00:09:18.202: [INFO][Sync] Configure, desired: Bookmarks, Preferences, Passwords, Autofill Profiles, Autofill, Extensions, Sessions, Extension settings, History Delete Directives, Device Info, User Consents, Send Tab To Self, Web Apps, History, Saved Tab Group, Collection, Edge E Drop, Edge Hub App Usage, Edge Tab Group, Edge Wallet, Encryption Keys; Allow fail: 
2025-04-14 00:09:18.202: [INFO][Sync] Loading: Passwords
2025-04-14 00:09:18.202: [INFO][Sync] Loading: Autofill Profiles
2025-04-14 00:09:18.202: [INFO][Sync] Loading: Autofill
2025-04-14 00:09:18.203: [INFO][Sync] All data types are ready for configure.
2025-04-14 00:09:18.203: [INFO][SyncManagerImpl::NudgeForInitialDownload] Initial download nudge for Passwords
2025-04-14 00:09:18.203: [INFO][SyncManagerImpl::ConfigureSyncer] Types to download:  with reason: 5
2025-04-14 00:09:18.203: [INFO][SyncEngineBackend::DoFinishConfigureDataTypes] Failed to download types:  and succeeded types: 
2025-04-14 00:09:18.203: [INFO][Sync] ConfigurationDone, failed: , succeeded: , remaining count: 4
2025-04-14 00:09:18.203: [INFO][Sync] Prepare to configure types: Passwords, Encryption Keys
2025-04-14 00:09:18.204: [INFO][SyncManagerImpl::ConfigureSyncer] Types to download: Passwords, Encryption Keys with reason: 5
2025-04-14 00:09:18.204: [INFO][SyncSchedulerImpl::DoConfigurationSyncCycleJob] Blocked types:  and types to download: Passwords, Encryption Keys
2025-04-14 00:09:18.492: [INFO][SyncEngineBackend::DoFinishConfigureDataTypes] Failed to download types:  and succeeded types: Passwords, Encryption Keys
2025-04-14 00:09:18.492: [INFO][Sync] ConfigurationDone, failed: , succeeded: Passwords, Encryption Keys, remaining count: 3
2025-04-14 00:09:18.492: [INFO][SyncManagerImpl::ConfigureSyncer] Types to download:  with reason: 5
2025-04-14 00:09:18.492: [INFO][SyncEngineBackend::DoFinishConfigureDataTypes] Failed to download types:  and succeeded types: 
2025-04-14 00:09:18.492: [INFO][Sync] ConfigurationDone, failed: , succeeded: , remaining count: 2
2025-04-14 00:09:18.492: [INFO][SyncManagerImpl::ConfigureSyncer] Types to download:  with reason: 5
2025-04-14 00:09:18.492: [INFO][SyncEngineBackend::DoFinishConfigureDataTypes] Failed to download types:  and succeeded types: 
2025-04-14 00:09:18.493: [INFO][Sync] ConfigurationDone, failed: , succeeded: , remaining count: 1
2025-04-14 00:09:18.494: [INFO][SyncManagerImpl::ConfigureSyncer] Types to download:  with reason: 5
2025-04-14 00:09:18.494: [INFO][SyncEngineBackend::DoFinishConfigureDataTypes] Failed to download types:  and succeeded types: 
2025-04-14 00:09:18.494: [INFO][Sync] ConfigurationDone, failed: , succeeded: , remaining count: 0
2025-04-14 00:09:18.494: [INFO][Sync]     Configuration completed, state: 7
2025-04-14 00:09:18.494: [INFO][Sync] Configured DataTypeManager: Ok
2025-04-14 00:09:18.495: [INFO][SyncEngineBackend::DoStartSyncing] Start syncing
2025-04-14 00:26:13.888: [INFO][Sync] SyncState after authenticated was: FeatureCanStart
2025-04-14 00:26:14.031: [INFO][Sync] Try to start sync engine
2025-04-14 00:26:14.032: [INFO][SyncManagerImpl::NudgeForInitialDownload] Initial download nudge for Encryption Keys
2025-04-14 00:26:14.032: [INFO][SyncEngineBackend::LoadAndConnectNigoriController] Load and connect Nigori controller
2025-04-14 00:26:14.032: [INFO][SyncEngineBackend::DoInitialize] Control Types added: Encryption Keys
2025-04-14 00:26:14.032: [INFO][SyncManagerImpl::ConfigureSyncer] Types to download: Encryption Keys with reason: 3
2025-04-14 00:26:14.032: [INFO][SyncSchedulerImpl::DoConfigurationSyncCycleJob] Configure job was blocked
2025-04-14 00:26:14.045: [INFO][SyncAuthManager::SetLastAuthError] Current auth error: None
2025-04-14 00:26:14.045: [INFO][SyncAuthManager::EdgeLogTokenErrorState] Token error with: None for account type: MSA
2025-04-14 00:26:14.045: [INFO][Sync] Credentials changed for: EdgeSyncScopeNew
2025-04-14 00:26:14.901: [INFO][SyncAuthManager::SetLastAuthError] Current auth error: None
2025-04-14 00:26:14.901: [INFO][SyncAuthManager::EdgeLogTokenErrorState] Token error with: None for account type: MSA
2025-04-14 00:26:14.901: [INFO][Sync] Credentials changed for: EdgeSyncKeyDataScope
2025-04-14 00:26:14.901: [INFO][SyncEngineBackend::DoUpdateKeyDataCredentials] Update key data credentials
2025-04-14 00:26:14.901: [INFO][SyncEngineBackend::DoUpdateCredentials] Update credentials
2025-04-14 00:26:14.901: [INFO][SyncSchedulerImpl::DoConfigurationSyncCycleJob] Blocked types:  and types to download: Encryption Keys
2025-04-14 00:26:15.728: [INFO][Sync] Started DataTypeManager configuration, reason: 4
2025-04-14 00:26:15.728: [INFO][Sync] Configuring for: Bookmarks, Preferences, Passwords, Autofill Profiles, Autofill, Extensions, Sessions, Extension settings, History Delete Directives, Device Info, User Consents, Send Tab To Self, Web Apps, History, Saved Tab Group, Collection, Edge E Drop, Edge Hub App Usage, Edge Tab Group, Edge Wallet, Encryption Keys, reason: 4, current state: 0
2025-04-14 00:26:15.728: [WARN][Sync] Crypto error data types: Passwords, Autofill Profiles, Autofill
2025-04-14 00:26:15.729: [INFO][Sync] Configure, desired: Bookmarks, Preferences, Extensions, Sessions, Extension settings, History Delete Directives, Device Info, User Consents, Send Tab To Self, Web Apps, History, Saved Tab Group, Collection, Edge E Drop, Edge Hub App Usage, Edge Tab Group, Edge Wallet, Encryption Keys; Allow fail: Passwords, Autofill Profiles, Autofill
2025-04-14 00:26:15.729: [INFO][Sync] Loading: Bookmarks
2025-04-14 00:26:15.729: [INFO][Sync] Loading: Preferences
2025-04-14 00:26:15.729: [INFO][Sync] Loading: Extensions
2025-04-14 00:26:15.729: [INFO][Sync] Loading: Sessions
2025-04-14 00:26:15.729: [INFO][Sync] Loading: Extension settings
2025-04-14 00:26:15.729: [INFO][Sync] Loading: History Delete Directives
2025-04-14 00:26:15.729: [INFO][Sync] Loading: Device Info
2025-04-14 00:26:15.729: [INFO][Sync] Loading: User Consents
2025-04-14 00:26:15.729: [INFO][Sync] Loading: Send Tab To Self
2025-04-14 00:26:15.729: [INFO][Sync] Loading: Web Apps
2025-04-14 00:26:15.729: [INFO][Sync] Loading: History
2025-04-14 00:26:15.729: [INFO][Sync] Loading: Saved Tab Group
2025-04-14 00:26:15.729: [INFO][Sync] Loading: Collection
2025-04-14 00:26:15.729: [INFO][Sync] Loading: Edge E Drop
2025-04-14 00:26:15.729: [INFO][Sync] Loading: Edge Hub App Usage
2025-04-14 00:26:15.729: [INFO][Sync] Loading: Edge Tab Group
2025-04-14 00:26:15.729: [INFO][Sync] Loading: Edge Wallet
2025-04-14 00:26:15.730: [INFO][Sync] All data types are ready for configure.
2025-04-14 00:26:16.515: [INFO][Sync] Started DataTypeManager configuration, reason: 5
2025-04-14 00:26:16.516: [INFO][Sync] Configuring for: Bookmarks, Preferences, Passwords, Autofill Profiles, Autofill, Extensions, Sessions, Extension settings, History Delete Directives, Device Info, User Consents, Send Tab To Self, Web Apps, History, Saved Tab Group, Collection, Edge E Drop, Edge Hub App Usage, Edge Tab Group, Edge Wallet, Encryption Keys, reason: 5, current state: 1
2025-04-14 00:26:16.516: [INFO][SyncEngineBackend::DoStartConfiguration] Start configuration
2025-04-14 00:26:16.516: [INFO][SyncManagerImpl::ConfigureSyncer] Types to download:  with reason: 4
2025-04-14 00:26:16.516: [INFO][SyncEngineBackend::DoFinishConfigureDataTypes] Failed to download types:  and succeeded types: 
2025-04-14 00:26:16.516: [INFO][Sync] ConfigurationDone, failed: , succeeded: , remaining count: 4
2025-04-14 00:26:16.516: [WARN][Sync]     Reconfigure requested while configuration ongoing.
2025-04-14 00:26:16.516: [INFO][Sync] Configuring for: Bookmarks, Preferences, Passwords, Autofill Profiles, Autofill, Extensions, Sessions, Extension settings, History Delete Directives, Device Info, User Consents, Send Tab To Self, Web Apps, History, Saved Tab Group, Collection, Edge E Drop, Edge Hub App Usage, Edge Tab Group, Edge Wallet, Encryption Keys, reason: 5, current state: 2
2025-04-14 00:26:16.516: [INFO][Sync] Configure, desired: Bookmarks, Preferences, Passwords, Autofill Profiles, Autofill, Extensions, Sessions, Extension settings, History Delete Directives, Device Info, User Consents, Send Tab To Self, Web Apps, History, Saved Tab Group, Collection, Edge E Drop, Edge Hub App Usage, Edge Tab Group, Edge Wallet, Encryption Keys; Allow fail: 
2025-04-14 00:26:16.516: [INFO][Sync] Loading: Passwords
2025-04-14 00:26:16.516: [INFO][Sync] Loading: Autofill Profiles
2025-04-14 00:26:16.516: [INFO][Sync] Loading: Autofill
2025-04-14 00:26:16.517: [INFO][Sync] All data types are ready for configure.
2025-04-14 00:26:16.517: [INFO][SyncManagerImpl::NudgeForInitialDownload] Initial download nudge for Passwords
2025-04-14 00:26:16.517: [INFO][SyncManagerImpl::ConfigureSyncer] Types to download:  with reason: 5
2025-04-14 00:26:16.517: [INFO][SyncEngineBackend::DoFinishConfigureDataTypes] Failed to download types:  and succeeded types: 
2025-04-14 00:26:16.518: [INFO][Sync] ConfigurationDone, failed: , succeeded: , remaining count: 4
2025-04-14 00:26:16.518: [INFO][Sync] Prepare to configure types: Passwords, Encryption Keys
2025-04-14 00:26:16.518: [INFO][SyncManagerImpl::ConfigureSyncer] Types to download: Passwords, Encryption Keys with reason: 5
2025-04-14 00:26:16.518: [INFO][SyncSchedulerImpl::DoConfigurationSyncCycleJob] Blocked types:  and types to download: Passwords, Encryption Keys
2025-04-14 00:26:16.921: [INFO][SyncEngineBackend::DoFinishConfigureDataTypes] Failed to download types:  and succeeded types: Passwords, Encryption Keys
2025-04-14 00:26:16.922: [INFO][Sync] ConfigurationDone, failed: , succeeded: Passwords, Encryption Keys, remaining count: 3
2025-04-14 00:26:16.922: [INFO][SyncManagerImpl::ConfigureSyncer] Types to download:  with reason: 5
2025-04-14 00:26:16.922: [INFO][SyncEngineBackend::DoFinishConfigureDataTypes] Failed to download types:  and succeeded types: 
2025-04-14 00:26:16.922: [INFO][Sync] ConfigurationDone, failed: , succeeded: , remaining count: 2
2025-04-14 00:26:16.922: [INFO][SyncManagerImpl::ConfigureSyncer] Types to download:  with reason: 5
2025-04-14 00:26:16.922: [INFO][SyncEngineBackend::DoFinishConfigureDataTypes] Failed to download types:  and succeeded types: 
2025-04-14 00:26:16.923: [INFO][Sync] ConfigurationDone, failed: , succeeded: , remaining count: 1
2025-04-14 00:26:16.924: [INFO][SyncManagerImpl::ConfigureSyncer] Types to download:  with reason: 5
2025-04-14 00:26:16.924: [INFO][SyncEngineBackend::DoFinishConfigureDataTypes] Failed to download types:  and succeeded types: 
2025-04-14 00:26:16.924: [INFO][Sync] ConfigurationDone, failed: , succeeded: , remaining count: 0
2025-04-14 00:26:16.924: [INFO][Sync]     Configuration completed, state: 7
2025-04-14 00:26:16.924: [INFO][Sync] Configured DataTypeManager: Ok
2025-04-14 00:26:16.925: [INFO][SyncEngineBackend::DoStartSyncing] Start syncing
